Archive member included to satisfy reference by file (symbol)

/opt/homebrew/Cellar/arm-none-eabi-gcc/10.3-2021.10/gcc/bin/../lib/gcc/arm-none-eabi/10.3.1/../../../../arm-none-eabi/lib/thumb/v7e-m+fp/hard/libg.a(lib_a-abort.o)
                              build/../cmark/src/buffer.o (abort)
/opt/homebrew/Cellar/arm-none-eabi-gcc/10.3-2021.10/gcc/bin/../lib/gcc/arm-none-eabi/10.3.1/../../../../arm-none-eabi/lib/thumb/v7e-m+fp/hard/libg.a(lib_a-assert.o)
                              build/../cmark/src/blocks.o (__assert_func)
/opt/homebrew/Cellar/arm-none-eabi-gcc/10.3-2021.10/gcc/bin/../lib/gcc/arm-none-eabi/10.3.1/../../../../arm-none-eabi/lib/thumb/v7e-m+fp/hard/libg.a(lib_a-bsearch.o)
                              build/../cmark/src/references.o (bsearch)
/opt/homebrew/Cellar/arm-none-eabi-gcc/10.3-2021.10/gcc/bin/../lib/gcc/arm-none-eabi/10.3.1/../../../../arm-none-eabi/lib/thumb/v7e-m+fp/hard/libg.a(lib_a-calloc.o)
                              build/../cmark/src/cmark.o (calloc)
/opt/homebrew/Cellar/arm-none-eabi-gcc/10.3-2021.10/gcc/bin/../lib/gcc/arm-none-eabi/10.3.1/../../../../arm-none-eabi/lib/thumb/v7e-m+fp/hard/libg.a(lib_a-callocr.o)
                              /opt/homebrew/Cellar/arm-none-eabi-gcc/10.3-2021.10/gcc/bin/../lib/gcc/arm-none-eabi/10.3.1/../../../../arm-none-eabi/lib/thumb/v7e-m+fp/hard/libg.a(lib_a-calloc.o) (_calloc_r)
/opt/homebrew/Cellar/arm-none-eabi-gcc/10.3-2021.10/gcc/bin/../lib/gcc/arm-none-eabi/10.3.1/../../../../arm-none-eabi/lib/thumb/v7e-m+fp/hard/libg.a(lib_a-errno.o)
                              /opt/homebrew/Cellar/arm-none-eabi-gcc/10.3-2021.10/gcc/bin/../lib/gcc/arm-none-eabi/10.3.1/../../../../arm-none-eabi/lib/thumb/v7e-m+fp/hard/libg.a(lib_a-callocr.o) (__errno)
/opt/homebrew/Cellar/arm-none-eabi-gcc/10.3-2021.10/gcc/bin/../lib/gcc/arm-none-eabi/10.3.1/../../../../arm-none-eabi/lib/thumb/v7e-m+fp/hard/libg.a(lib_a-fiprintf.o)
                              /opt/homebrew/Cellar/arm-none-eabi-gcc/10.3-2021.10/gcc/bin/../lib/gcc/arm-none-eabi/10.3.1/../../../../arm-none-eabi/lib/thumb/v7e-m+fp/hard/libg.a(lib_a-assert.o) (fiprintf)
/opt/homebrew/Cellar/arm-none-eabi-gcc/10.3-2021.10/gcc/bin/../lib/gcc/arm-none-eabi/10.3.1/../../../../arm-none-eabi/lib/thumb/v7e-m+fp/hard/libg.a(lib_a-fprintf.o)
                              build/../cmark/src/buffer.o (fprintf)
/opt/homebrew/Cellar/arm-none-eabi-gcc/10.3-2021.10/gcc/bin/../lib/gcc/arm-none-eabi/10.3.1/../../../../arm-none-eabi/lib/thumb/v7e-m+fp/hard/libg.a(lib_a-fread.o)
                              build/../cmark/src/blocks.o (fread)
/opt/homebrew/Cellar/arm-none-eabi-gcc/10.3-2021.10/gcc/bin/../lib/gcc/arm-none-eabi/10.3.1/../../../../arm-none-eabi/lib/thumb/v7e-m+fp/hard/libg.a(lib_a-fwrite.o)
                              build/../cmark/src/cmark.o (fwrite)
/opt/homebrew/Cellar/arm-none-eabi-gcc/10.3-2021.10/gcc/bin/../lib/gcc/arm-none-eabi/10.3.1/../../../../arm-none-eabi/lib/thumb/v7e-m+fp/hard/libg.a(lib_a-impure.o)
                              build/../cmark/src/buffer.o (_impure_ptr)
/opt/homebrew/Cellar/arm-none-eabi-gcc/10.3-2021.10/gcc/bin/../lib/gcc/arm-none-eabi/10.3.1/../../../../arm-none-eabi/lib/thumb/v7e-m+fp/hard/libg.a(lib_a-lock.o)
                              /opt/homebrew/Cellar/arm-none-eabi-gcc/10.3-2021.10/gcc/bin/../lib/gcc/arm-none-eabi/10.3.1/../../../../arm-none-eabi/lib/thumb/v7e-m+fp/hard/libg.a(lib_a-fread.o) (__retarget_lock_acquire_recursive)
/opt/homebrew/Cellar/arm-none-eabi-gcc/10.3-2021.10/gcc/bin/../lib/gcc/arm-none-eabi/10.3.1/../../../../arm-none-eabi/lib/thumb/v7e-m+fp/hard/libg.a(lib_a-malloc.o)
                              build/src/main.o (free)
/opt/homebrew/Cellar/arm-none-eabi-gcc/10.3-2021.10/gcc/bin/../lib/gcc/arm-none-eabi/10.3.1/../../../../arm-none-eabi/lib/thumb/v7e-m+fp/hard/libg.a(lib_a-memchr.o)
                              build/../cmark/src/blocks.o (memchr)
/opt/homebrew/Cellar/arm-none-eabi-gcc/10.3-2021.10/gcc/bin/../lib/gcc/arm-none-eabi/10.3.1/../../../../arm-none-eabi/lib/thumb/v7e-m+fp/hard/libg.a(lib_a-memcpy.o)
                              build/src/main.o (memcpy)
/opt/homebrew/Cellar/arm-none-eabi-gcc/10.3-2021.10/gcc/bin/../lib/gcc/arm-none-eabi/10.3.1/../../../../arm-none-eabi/lib/thumb/v7e-m+fp/hard/libg.a(lib_a-memmove.o)
                              build/../cmark/src/buffer.o (memmove)
/opt/homebrew/Cellar/arm-none-eabi-gcc/10.3-2021.10/gcc/bin/../lib/gcc/arm-none-eabi/10.3.1/../../../../arm-none-eabi/lib/thumb/v7e-m+fp/hard/libg.a(lib_a-memset.o)
                              build/../cmark/src/inlines.o (memset)
/opt/homebrew/Cellar/arm-none-eabi-gcc/10.3-2021.10/gcc/bin/../lib/gcc/arm-none-eabi/10.3.1/../../../../arm-none-eabi/lib/thumb/v7e-m+fp/hard/libg.a(lib_a-qsort.o)
                              build/../cmark/src/references.o (qsort)
/opt/homebrew/Cellar/arm-none-eabi-gcc/10.3-2021.10/gcc/bin/../lib/gcc/arm-none-eabi/10.3.1/../../../../arm-none-eabi/lib/thumb/v7e-m+fp/hard/libg.a(lib_a-realloc.o)
[...]
Memory Configuration

Name             Origin             Length             Attributes
*default*        0x0000000000000000 0xffffffffffffffff

Linker script and memory map

LOAD build/src/main.o
LOAD build/src/syscalls.o
LOAD build/../cmark/src/blocks.o
LOAD build/../cmark/src/buffer.o
LOAD build/../cmark/src/cmark.o
LOAD build/../cmark/src/cmark_ctype.o
LOAD build/../cmark/src/commonmark.o
LOAD build/../cmark/src/houdini_href_e.o
LOAD build/../cmark/src/houdini_html_e.o
LOAD build/../cmark/src/houdini_html_u.o
LOAD build/../cmark/src/html.o
LOAD build/../cmark/src/inlines.o
LOAD build/../cmark/src/iterator.o
LOAD build/../cmark/src/latex.o
LOAD build/../cmark/src/man.o
LOAD build/../cmark/src/node.o
LOAD build/../cmark/src/references.o
LOAD build/../cmark/src/render.o
LOAD build/../cmark/src/scanners.o
LOAD build/../cmark/src/utf8.o
LOAD build/../cmark/src/xml.o
LOAD build//Users/remywang/Developer/PlaydateSDK/C_API/buildsupport/setup.o
START GROUP
LOAD /opt/homebrew/Cellar/arm-none-eabi-gcc/10.3-2021.10/gcc/bin/../lib/gcc/arm-none-eabi/10.3.1/thumb/v7e-m+fp/hard/libgcc.a
LOAD /opt/homebrew/Cellar/arm-none-eabi-gcc/10.3-2021.10/gcc/bin/../lib/gcc/arm-none-eabi/10.3.1/../../../../arm-none-eabi/lib/thumb/v7e-m+fp/hard/libg.a
LOAD /opt/homebrew/Cellar/arm-none-eabi-gcc/10.3-2021.10/gcc/bin/../lib/gcc/arm-none-eabi/10.3.1/../../../../arm-none-eabi/lib/thumb/v7e-m+fp/hard/libc.a
END GROUP
START GROUP
LOAD /opt/homebrew/Cellar/arm-none-eabi-gcc/10.3-2021.10/gcc/bin/../lib/gcc/arm-none-eabi/10.3.1/thumb/v7e-m+fp/hard/libgcc.a
LOAD /opt/homebrew/Cellar/arm-none-eabi-gcc/10.3-2021.10/gcc/bin/../lib/gcc/arm-none-eabi/10.3.1/../../../../arm-none-eabi/lib/thumb/v7e-m+fp/hard/libc.a
LOAD /opt/homebrew/Cellar/arm-none-eabi-gcc/10.3-2021.10/gcc/bin/../lib/gcc/arm-none-eabi/10.3.1/../../../../arm-none-eabi/lib/thumb/v7e-m+fp/hard/libm.a
END GROUP

.text           0x0000000000000000    0x1fd65
 *(.text)
 .text          0x0000000000000000       0xa0 /opt/homebrew/Cellar/arm-none-eabi-gcc/10.3-2021.10/gcc/bin/../lib/gcc/arm-none-eabi/10.3.1/../../../../arm-none-eabi/lib/thumb/v7e-m+fp/hard/libg.a(lib_a-memchr.o)
                0x0000000000000000                memchr
 .text          0x00000000000000a0      0x134 /opt/homebrew/Cellar/arm-none-eabi-gcc/10.3-2021.10/gcc/bin/../lib/gcc/arm-none-eabi/10.3.1/../../../../arm-none-eabi/lib/thumb/v7e-m+fp/hard/libg.a(lib_a-memcpy.o)
                0x00000000000000a0                memcpy
 *fill*         0x00000000000001d4        0xc 
 .text          0x00000000000001e0      0x2dc /opt/homebrew/Cellar/arm-none-eabi-gcc/10.3-2021.10/gcc/bin/../lib/gcc/arm-none-eabi/10.3.1/../../../../arm-none-eabi/lib/thumb/v7e-m+fp/hard/libg.a(lib_a-strcmp.o)
                0x00000000000001e8                strcmp
 *fill*         0x00000000000004bc        0x4 
 .text          0x00000000000004c0       0xdc /opt/homebrew/Cellar/arm-none-eabi-gcc/10.3-2021.10/gcc/bin/../lib/gcc/arm-none-eabi/10.3.1/../../../../arm-none-eabi/lib/thumb/v7e-m+fp/hard/libg.a(lib_a-strlen.o)
                0x00000000000004c0                strlen
 .text          0x000000000000059c      0x378 /opt/homebrew/Cellar/arm-none-eabi-gcc/10.3-2021.10/gcc/bin/../lib/gcc/arm-none-eabi/10.3.1/thumb/v7e-m+fp/hard/libgcc.a(_arm_addsubdf3.o)
                0x000000000000059c                __aeabi_drsub
                0x00000000000005a4                __subdf3
                0x00000000000005a4                __aeabi_dsub
                0x00000000000005a8                __aeabi_dadd
                0x00000000000005a8                __adddf3
                0x0000000000000820                __aeabi_ui2d
                0x0000000000000820                __floatunsidf
                0x0000000000000840                __floatsidf
                0x0000000000000840                __aeabi_i2d
                0x0000000000000864                __extendsfdf2
                0x0000000000000864                __aeabi_f2d
                0x00000000000008a8                __aeabi_ul2d
                0x00000000000008a8                __floatundidf
                0x00000000000008b8                __aeabi_l2d
                0x00000000000008b8                __floatdidf
 .text          0x0000000000000914      0x424 /opt/homebrew/Cellar/arm-none-eabi-gcc/10.3-2021.10/gcc/bin/../lib/gcc/arm-none-eabi/10.3.1/thumb/v7e-m+fp/hard/libgcc.a(_arm_muldivdf3.o)
                0x0000000000000914                __aeabi_dmul
                0x0000000000000914                __muldf3
                0x0000000000000b68                __aeabi_ddiv
                0x0000000000000b68                __divdf3
 .text          0x0000000000000d38      0x110 /opt/homebrew/Cellar/arm-none-eabi-gcc/10.3-2021.10/gcc/bin/../lib/gcc/arm-none-eabi/10.3.1/thumb/v7e-m+fp/hard/libgcc.a(_arm_cmpdf2.o)
                0x0000000000000d38                __gedf2
                0x0000000000000d38                __gtdf2
                0x0000000000000d40                __ledf2
                0x0000000000000d40                __ltdf2
                0x0000000000000d48                __cmpdf2
                0x0000000000000d48                __eqdf2
                0x0000000000000d48                __nedf2
                0x0000000000000dc4                __aeabi_cdrcmple
                0x0000000000000dd4                __aeabi_cdcmple
                0x0000000000000dd4                __aeabi_cdcmpeq
                0x0000000000000de4                __aeabi_dcmpeq
                0x0000000000000df8                __aeabi_dcmplt
                0x0000000000000e0c                __aeabi_dcmple
                0x0000000000000e20                __aeabi_dcmpge
                0x0000000000000e34                __aeabi_dcmpgt
 .text          0x0000000000000e48       0x2c /opt/homebrew/Cellar/arm-none-eabi-gcc/10.3-2021.10/gcc/bin/../lib/gcc/arm-none-eabi/10.3.1/thumb/v7e-m+fp/hard/libgcc.a(_arm_unorddf2.o)
                0x0000000000000e48                __aeabi_dcmpun
                0x0000000000000e48                __unorddf2
 .text          0x0000000000000e74       0x50 /opt/homebrew/Cellar/arm-none-eabi-gcc/10.3-2021.10/gcc/bin/../lib/gcc/arm-none-eabi/10.3.1/thumb/v7e-m+fp/hard/libgcc.a(_arm_fixdfsi.o)
                0x0000000000000e74                __fixdfsi
                0x0000000000000e74                __aeabi_d2iz
 .text          0x0000000000000ec4       0x30 /opt/homebrew/Cellar/arm-none-eabi-gcc/10.3-2021.10/gcc/bin/../lib/gcc/arm-none-eabi/10.3.1/thumb/v7e-m+fp/hard/libgcc.a(_aeabi_uldivmod.o)
                0x0000000000000ec4                __aeabi_uldivmod
 .text          0x0000000000000ef4      0x2d0 /opt/homebrew/Cellar/arm-none-eabi-gcc/10.3-2021.10/gcc/bin/../lib/gcc/arm-none-eabi/10.3.1/thumb/v7e-m+fp/hard/libgcc.a(_udivmoddi4.o)
                0x0000000000000ef4                __udivmoddi4
 .text          0x00000000000011c4        0x4 /opt/homebrew/Cellar/arm-none-eabi-gcc/10.3-2021.10/gcc/bin/../lib/gcc/arm-none-eabi/10.3.1/thumb/v7e-m+fp/hard/libgcc.a(_dvmd_tls.o)
                0x00000000000011c4                __aeabi_ldiv0
                0x00000000000011c4                __aeabi_idiv0
 *(.text.*)
 *fill*         0x00000000000011c8        0x8 
 .text.update   0x00000000000011d0       0x6c build/src/main.o
 *fill*         0x000000000000123c        0x4 
 .text.eventHandler
                0x0000000000001240       0xf4 build/src/main.o
                0x0000000000001240                eventHandler
 *fill*         0x0000000000001334        0xc 
 .text._exit    0x0000000000001340        0x4 build/src/syscalls.o
                0x0000000000001340                _exit
 *fill*         0x0000000000001344        0xc 
 .text._close   0x0000000000001350        0x8 build/src/syscalls.o
                0x0000000000001350                _close
 *fill*         0x0000000000001358        0x8 
 .text._fstat   0x0000000000001360        0xc build/src/syscalls.o
                0x0000000000001360                _fstat
 *fill*         0x000000000000136c        0x4 
 .text._isatty  0x0000000000001370        0x4 build/src/syscalls.o
                0x0000000000001370                _isatty
 *fill*         0x0000000000001374        0xc 
 .text._lseek   0x0000000000001380        0x4 build/src/syscalls.o
                0x0000000000001380                _lseek
 *fill*         0x0000000000001384        0xc 
 .text._read    0x0000000000001390        0x4 build/src/syscalls.o
                0x0000000000001390                _read
 *fill*         0x0000000000001394        0xc 
 .text._write   0x00000000000013a0        0x4 build/src/syscalls.o
                0x00000000000013a0                _write
 *fill*         0x00000000000013a4        0xc 
 .text._getpid  0x00000000000013b0        0x4 build/src/syscalls.o
                0x00000000000013b0                _getpid
 *fill*         0x00000000000013b4        0xc 
 .text._kill    0x00000000000013c0       0x10 build/src/syscalls.o
                0x00000000000013c0                _kill
 .text._fini    0x00000000000013d0        0x4 build/src/syscalls.o
                0x00000000000013d0                _fini
 *fill*         0x00000000000013d4        0xc 
 .text.S_advance_offset
                0x00000000000013e0       0x84 build/../cmark/src/blocks.o
 *fill*         0x0000000000001464        0xc 
 .text.add_line
                0x0000000000001470       0x5c build/../cmark/src/blocks.o
 *fill*         0x00000000000014cc        0x4 
 .text.resolve_reference_link_definitions
                0x00000000000014d0       0x8c build/../cmark/src/blocks.o
 *fill*         0x000000000000155c        0x4 
 .text.finalize
                0x0000000000001560      0x278 build/../cmark/src/blocks.o
 *fill*         0x00000000000017d8        0x8 
 .text.add_child.part.0
                0x00000000000017e0       0x88 build/../cmark/src/blocks.o
 *fill*         0x0000000000001868        0x8 
 .text.S_find_first_nonspace.isra.0
                0x0000000000001870       0xa8 build/../cmark/src/blocks.o
 *fill*         0x0000000000001918        0x8 
 .text.S_process_line
                0x0000000000001920      0xaf0 build/../cmark/src/blocks.o
 .text.S_parser_feed
                0x0000000000002410      0x110 build/../cmark/src/blocks.o
 .text.cmark_parser_new_with_mem_into_root
                0x0000000000002520       0x68 build/../cmark/src/blocks.o
                0x0000000000002520                cmark_parser_new_with_mem_into_root
 *fill*         0x0000000000002588        0x8 
 .text.cmark_parser_finish
                0x0000000000002590       0xcc build/../cmark/src/blocks.o
                0x0000000000002590                cmark_parser_finish
 *fill*         0x000000000000265c        0x4 
 .text.cmark_parse_document
                0x0000000000002660       0x68 build/../cmark/src/blocks.o
                0x0000000000002660                cmark_parse_document
 *fill*         0x00000000000026c8        0x8 
 .text.cmark_strbuf_grow
                0x00000000000026d0       0x68 build/../cmark/src/buffer.o
                0x00000000000026d0                cmark_strbuf_grow
 *fill*         0x0000000000002738        0x8 
 .text.cmark_strbuf_init
                0x0000000000002740       0x24 build/../cmark/src/buffer.o
                0x0000000000002740                cmark_strbuf_init
 *fill*         0x0000000000002764        0xc 
 .text.cmark_strbuf_free
                0x0000000000002770       0x24 build/../cmark/src/buffer.o
                0x0000000000002770                cmark_strbuf_free
 *fill*         0x0000000000002794        0xc 
 .text.cmark_strbuf_clear
                0x00000000000027a0       0x10 build/../cmark/src/buffer.o
                0x00000000000027a0                cmark_strbuf_clear
 .text.cmark_strbuf_set
                0x00000000000027b0       0x48 build/../cmark/src/buffer.o
                0x00000000000027b0                cmark_strbuf_set
 *fill*         0x00000000000027f8        0x8 
 .text.cmark_strbuf_putc
                0x0000000000002800       0x24 build/../cmark/src/buffer.o
                0x0000000000002800                cmark_strbuf_putc
 *fill*         0x0000000000002824        0xc 
 .text.cmark_strbuf_put
                0x0000000000002830       0x30 build/../cmark/src/buffer.o
                0x0000000000002830                cmark_strbuf_put
 .text.cmark_strbuf_puts
                0x0000000000002860       0x38 build/../cmark/src/buffer.o
                0x0000000000002860                cmark_strbuf_puts
 *fill*         0x0000000000002898        0x8 
 .text.cmark_strbuf_detach
                0x00000000000028a0       0x24 build/../cmark/src/buffer.o
                0x00000000000028a0                cmark_strbuf_detach
 *fill*         0x00000000000028c4        0xc 
 .text.cmark_strbuf_truncate
                0x00000000000028d0       0x14 build/../cmark/src/buffer.o
                0x00000000000028d0                cmark_strbuf_truncate
 *fill*         0x00000000000028e4        0xc 
 .text.cmark_strbuf_drop
                0x00000000000028f0       0x34 build/../cmark/src/buffer.o
                0x00000000000028f0                cmark_strbuf_drop
 *fill*         0x0000000000002924        0xc 
 .text.cmark_strbuf_trim
                0x0000000000002930       0x7c build/../cmark/src/buffer.o
                0x0000000000002930                cmark_strbuf_trim
 *fill*         0x00000000000029ac        0x4 
 .text.cmark_strbuf_normalize_whitespace
                0x00000000000029b0       0x5c build/../cmark/src/buffer.o
                0x00000000000029b0                cmark_strbuf_normalize_whitespace
 *fill*         0x0000000000002a0c        0x4 
 .text.cmark_strbuf_unescape
                0x0000000000002a10       0x4c build/../cmark/src/buffer.o
                0x0000000000002a10                cmark_strbuf_unescape
 *fill*         0x0000000000002a5c        0x4 
 .text.xcalloc  0x0000000000002a60       0x28 build/../cmark/src/cmark.o
 *fill*         0x0000000000002a88        0x8 
 .text.xrealloc
                0x0000000000002a90       0x28 build/../cmark/src/cmark.o
 *fill*         0x0000000000002ab8        0x8 
 .text.cmark_markdown_to_html
                0x0000000000002ac0       0x1c build/../cmark/src/cmark.o
                0x0000000000002ac0                cmark_markdown_to_html
 *fill*         0x0000000000002adc        0x4 
 .text.cmark_isspace
                0x0000000000002ae0       0x14 build/../cmark/src/cmark_ctype.o
                0x0000000000002ae0                cmark_isspace
 *fill*         0x0000000000002af4        0xc 
 .text.cmark_ispunct
                0x0000000000002b00       0x14 build/../cmark/src/cmark_ctype.o
                0x0000000000002b00                cmark_ispunct
 *fill*         0x0000000000002b14        0xc 
 .text.cmark_isdigit
                0x0000000000002b20       0x14 build/../cmark/src/cmark_ctype.o
                0x0000000000002b20                cmark_isdigit
 *fill*         0x0000000000002b34        0xc 
 .text.houdini_escape_href
                0x0000000000002b40       0xcc build/../cmark/src/houdini_href_e.o
                0x0000000000002b40                houdini_escape_href
 *fill*         0x0000000000002c0c        0x4 
 .text.houdini_escape_html
                0x0000000000002c10       0x9c build/../cmark/src/houdini_html_e.o
                0x0000000000002c10                houdini_escape_html
 *fill*         0x0000000000002cac        0x4 
 .text.houdini_unescape_ent
                0x0000000000002cb0      0x1cc build/../cmark/src/houdini_html_u.o
                0x0000000000002cb0                houdini_unescape_ent
 *fill*         0x0000000000002e7c        0x4 
 .text.houdini_unescape_html
                0x0000000000002e80       0x88 build/../cmark/src/houdini_html_u.o
                0x0000000000002e80                houdini_unescape_html
 *fill*         0x0000000000002f08        0x8 
 .text.houdini_unescape_html_f
                0x0000000000002f10       0x20 build/../cmark/src/houdini_html_u.o
                0x0000000000002f10                houdini_unescape_html_f
 .text.S_render_sourcepos.part.0
                0x0000000000002f30       0x4c build/../cmark/src/html.o
 *fill*         0x0000000000002f7c        0x4 
 .text.cmark_render_html
                0x0000000000002f80      0x6f4 build/../cmark/src/html.o
                0x0000000000002f80                cmark_render_html
 *fill*         0x0000000000003674        0xc 
 .text.manual_scan_link_url
                0x0000000000003680      0x100 build/../cmark/src/inlines.o
 .text.remove_delimiter
                0x0000000000003780       0x40 build/../cmark/src/inlines.o
 .text.process_emphasis
                0x00000000000037c0      0x374 build/../cmark/src/inlines.o
 *fill*         0x0000000000003b34        0xc 
 .text.adjust_subj_node_newlines.part.0
                0x0000000000003b40       0x48 build/../cmark/src/inlines.o
 *fill*         0x0000000000003b88        0x8 
 .text.peek_char.part.0
                0x0000000000003b90       0x1c build/../cmark/src/inlines.o
 *fill*         0x0000000000003bac        0x4 
 .text.make_str
                0x0000000000003bb0       0x78 build/../cmark/src/inlines.o
 *fill*         0x0000000000003c28        0x8 
 .text.make_autolink
                0x0000000000003c30      0x148 build/../cmark/src/inlines.o
 *fill*         0x0000000000003d78        0x8 
 .text.spnl     0x0000000000003d80       0x98 build/../cmark/src/inlines.o
 *fill*         0x0000000000003e18        0x8 
 .text.link_label
                0x0000000000003e20       0xf0 build/../cmark/src/inlines.o
 .text.cmark_clean_url
                0x0000000000003f10       0x7c build/../cmark/src/inlines.o
                0x0000000000003f10                cmark_clean_url
 *fill*         0x0000000000003f8c        0x4 
 .text.cmark_clean_title
                0x0000000000003f90       0x70 build/../cmark/src/inlines.o
                0x0000000000003f90                cmark_clean_title
 .text.cmark_parse_inlines
                0x0000000000004000     0x1194 build/../cmark/src/inlines.o
                0x0000000000004000                cmark_parse_inlines
 *fill*         0x0000000000005194        0xc 
 .text.cmark_parse_reference_inline
                0x00000000000051a0      0x1b0 build/../cmark/src/inlines.o
                0x00000000000051a0                cmark_parse_reference_inline
 .text.cmark_iter_new
                0x0000000000005350       0x24 build/../cmark/src/iterator.o
                0x0000000000005350                cmark_iter_new
 *fill*         0x0000000000005374        0xc 
 .text.cmark_iter_free
                0x0000000000005380        0x8 build/../cmark/src/iterator.o
                0x0000000000005380                cmark_iter_free
 *fill*         0x0000000000005388        0x8 
 .text.cmark_iter_next
                0x0000000000005390       0x78 build/../cmark/src/iterator.o
                0x0000000000005390                cmark_iter_next
 *fill*         0x0000000000005408        0x8 
 .text.cmark_iter_get_node
                0x0000000000005410        0x4 build/../cmark/src/iterator.o
                0x0000000000005410                cmark_iter_get_node
 *fill*         0x0000000000005414        0xc 
 .text.cmark_consolidate_text_nodes
                0x0000000000005420      0x168 build/../cmark/src/iterator.o
                0x0000000000005420                cmark_consolidate_text_nodes
 *fill*         0x0000000000005588        0x8 
 .text.S_node_unlink
                0x0000000000005590       0x2c build/../cmark/src/node.o
 *fill*         0x00000000000055bc        0x4 
 .text.cmark_set_cstr
                0x00000000000055c0       0x50 build/../cmark/src/node.o
 .text.S_can_contain
                0x0000000000005610       0x8c build/../cmark/src/node.o
 *fill*         0x000000000000569c        0x4 
 .text.cmark_node_free
                0x00000000000056a0       0xa0 build/../cmark/src/node.o
                0x00000000000056a0                cmark_node_free
 .text.cmark_node_parent
                0x0000000000005740        0x8 build/../cmark/src/node.o
                0x0000000000005740                cmark_node_parent
 *fill*         0x0000000000005748        0x8 
 .text.cmark_node_set_literal
                0x0000000000005750       0x3c build/../cmark/src/node.o
                0x0000000000005750                cmark_node_set_literal
 *fill*         0x000000000000578c        0x4 
 .text.cmark_node_get_start_line
                0x0000000000005790        0x8 build/../cmark/src/node.o
                0x0000000000005790                cmark_node_get_start_line
 *fill*         0x0000000000005798        0x8 
 .text.cmark_node_get_start_column
                0x00000000000057a0        0x8 build/../cmark/src/node.o
                0x00000000000057a0                cmark_node_get_start_column
 *fill*         0x00000000000057a8        0x8 
 .text.cmark_node_get_end_line
                0x00000000000057b0        0x8 build/../cmark/src/node.o
                0x00000000000057b0                cmark_node_get_end_line
 *fill*         0x00000000000057b8        0x8 
 .text.cmark_node_get_end_column
                0x00000000000057c0        0x8 build/../cmark/src/node.o
                0x00000000000057c0                cmark_node_get_end_column
 *fill*         0x00000000000057c8        0x8 
 .text.cmark_node_unlink
                0x00000000000057d0       0x3c build/../cmark/src/node.o
                0x00000000000057d0                cmark_node_unlink
 *fill*         0x000000000000580c        0x4 
 .text.cmark_node_insert_before
                0x0000000000005810       0x48 build/../cmark/src/node.o
                0x0000000000005810                cmark_node_insert_before
 *fill*         0x0000000000005858        0x8 
 .text.normalize_reference
                0x0000000000005860       0x6c build/../cmark/src/references.o
 *fill*         0x00000000000058cc        0x4 
 .text.refsearch
                0x00000000000058d0        0x8 build/../cmark/src/references.o
 *fill*         0x00000000000058d8        0x8 
 .text.refcmp   0x00000000000058e0       0x18 build/../cmark/src/references.o
 *fill*         0x00000000000058f8        0x8 
 .text.cmark_reference_create
                0x0000000000005900       0x84 build/../cmark/src/references.o
                0x0000000000005900                cmark_reference_create
 *fill*         0x0000000000005984        0xc 
 .text.cmark_reference_lookup
                0x0000000000005990       0xe4 build/../cmark/src/references.o
                0x0000000000005990                cmark_reference_lookup
 *fill*         0x0000000000005a74        0xc 
 .text.cmark_reference_map_free
                0x0000000000005a80       0x44 build/../cmark/src/references.o
                0x0000000000005a80                cmark_reference_map_free
 *fill*         0x0000000000005ac4        0xc 
 .text.cmark_reference_map_new
                0x0000000000005ad0       0x10 build/../cmark/src/references.o
                0x0000000000005ad0                cmark_reference_map_new
 .text._scan_at
                0x0000000000005ae0       0x24 build/../cmark/src/scanners.o
                0x0000000000005ae0                _scan_at
 *fill*         0x0000000000005b04        0xc 
 .text._scan_autolink_uri
                0x0000000000005b10      0x748 build/../cmark/src/scanners.o
                0x0000000000005b10                _scan_autolink_uri
 *fill*         0x0000000000006258        0x8 
 .text._scan_autolink_email
                0x0000000000006260     0x2484 build/../cmark/src/scanners.o
                0x0000000000006260                _scan_autolink_email
 *fill*         0x00000000000086e4        0xc 
 .text._scan_html_tag
                0x00000000000086f0      0x250 build/../cmark/src/scanners.o
                0x00000000000086f0                _scan_html_tag
 .text._scan_html_comment
                0x0000000000008940       0x54 build/../cmark/src/scanners.o
                0x0000000000008940                _scan_html_comment
 *fill*         0x0000000000008994        0xc 
 .text._scan_html_pi
                0x00000000000089a0       0x54 build/../cmark/src/scanners.o
                0x00000000000089a0                _scan_html_pi
 *fill*         0x00000000000089f4        0xc 
 .text._scan_html_declaration
                0x0000000000008a00       0x2c build/../cmark/src/scanners.o
                0x0000000000008a00                _scan_html_declaration
 *fill*         0x0000000000008a2c        0x4 
 .text._scan_html_cdata
                0x0000000000008a30       0x84 build/../cmark/src/scanners.o
                0x0000000000008a30                _scan_html_cdata
 *fill*         0x0000000000008ab4        0xc 
 .text._scan_html_block_start
                0x0000000000008ac0     0x12a8 build/../cmark/src/scanners.o
                0x0000000000008ac0                _scan_html_block_start
 *fill*         0x0000000000009d68        0x8 
 .text._scan_html_block_start_7
                0x0000000000009d70      0x260 build/../cmark/src/scanners.o
                0x0000000000009d70                _scan_html_block_start_7
 .text._scan_html_block_end_1
                0x0000000000009fd0      0x31c build/../cmark/src/scanners.o
                0x0000000000009fd0                _scan_html_block_end_1
 *fill*         0x000000000000a2ec        0x4 
 .text._scan_html_block_end_2
                0x000000000000a2f0       0xbc build/../cmark/src/scanners.o
                0x000000000000a2f0                _scan_html_block_end_2
 *fill*         0x000000000000a3ac        0x4 
 .text._scan_html_block_end_3
                0x000000000000a3b0       0xc0 build/../cmark/src/scanners.o
                0x000000000000a3b0                _scan_html_block_end_3
 .text._scan_html_block_end_4
                0x000000000000a470       0x6c build/../cmark/src/scanners.o
                0x000000000000a470                _scan_html_block_end_4
 *fill*         0x000000000000a4dc        0x4 
 .text._scan_html_block_end_5
                0x000000000000a4e0       0xbc build/../cmark/src/scanners.o
                0x000000000000a4e0                _scan_html_block_end_5
 *fill*         0x000000000000a59c        0x4 
 .text._scan_link_title
                0x000000000000a5a0      0x190 build/../cmark/src/scanners.o
                0x000000000000a5a0                _scan_link_title
 .text._scan_spacechars
                0x000000000000a730       0x24 build/../cmark/src/scanners.o
                0x000000000000a730                _scan_spacechars
 *fill*         0x000000000000a754        0xc 
 .text._scan_atx_heading_start
                0x000000000000a760       0xd8 build/../cmark/src/scanners.o
                0x000000000000a760                _scan_atx_heading_start
 *fill*         0x000000000000a838        0x8 
 .text._scan_setext_heading_line
                0x000000000000a840      0x104 build/../cmark/src/scanners.o
                0x000000000000a840                _scan_setext_heading_line
 *fill*         0x000000000000a944        0xc 
 .text._scan_open_code_fence
                0x000000000000a950       0xb4 build/../cmark/src/scanners.o
                0x000000000000a950                _scan_open_code_fence
 *fill*         0x000000000000aa04        0xc 
 .text._scan_close_code_fence
                0x000000000000aa10       0xd8 build/../cmark/src/scanners.o
                0x000000000000aa10                _scan_close_code_fence
 *fill*         0x000000000000aae8        0x8 
 .text._scan_dangerous_url
                0x000000000000aaf0      0x1e8 build/../cmark/src/scanners.o
                0x000000000000aaf0                _scan_dangerous_url
 *fill*         0x000000000000acd8        0x8 
 .text.cf_compare
                0x000000000000ace0       0x10 build/../cmark/src/utf8.o
                0x000000000000ace0                cf_compare
 .text.cmark_utf8proc_check
                0x000000000000acf0      0x12c build/../cmark/src/utf8.o
                0x000000000000acf0                cmark_utf8proc_check
 *fill*         0x000000000000ae1c        0x4 
 .text.cmark_utf8proc_iterate
                0x000000000000ae20       0xcc build/../cmark/src/utf8.o
                0x000000000000ae20                cmark_utf8proc_iterate
 *fill*         0x000000000000aeec        0x4 
 .text.cmark_utf8proc_encode_char
                0x000000000000aef0       0xc0 build/../cmark/src/utf8.o
                0x000000000000aef0                cmark_utf8proc_encode_char
 .text.cmark_utf8proc_case_fold
                0x000000000000afb0       0xc0 build/../cmark/src/utf8.o
                0x000000000000afb0                cmark_utf8proc_case_fold
 .text.cmark_utf8proc_is_space
                0x000000000000b070       0x4c build/../cmark/src/utf8.o
                0x000000000000b070                cmark_utf8proc_is_space
 *fill*         0x000000000000b0bc        0x4 
 .text.cmark_utf8proc_is_punctuation_or_symbol
                0x000000000000b0c0     0x1190 build/../cmark/src/utf8.o
                0x000000000000b0c0                cmark_utf8proc_is_punctuation_or_symbol
 .text.eventHandlerShim
                0x000000000000c250       0x1c build//Users/remywang/Developer/PlaydateSDK/C_API/buildsupport/setup.o
                0x000000000000c250                eventHandlerShim
 *fill*         0x000000000000c26c        0x4 
 .text._malloc_r
                0x000000000000c270        0xc build//Users/remywang/Developer/PlaydateSDK/C_API/buildsupport/setup.o
                0x000000000000c270                _malloc_r
 *fill*         0x000000000000c27c        0x4 
 .text._realloc_r
                0x000000000000c280       0x10 build//Users/remywang/Developer/PlaydateSDK/C_API/buildsupport/setup.o
                0x000000000000c280                _realloc_r
 .text._free_r  0x000000000000c290       0x14 build//Users/remywang/Developer/PlaydateSDK/C_API/buildsupport/setup.o
                0x000000000000c290                _free_r
 .text.abort    0x000000000000c2a4       0x10 /opt/homebrew/Cellar/arm-none-eabi-gcc/10.3-2021.10/gcc/bin/../lib/gcc/arm-none-eabi/10.3.1/../../../../arm-none-eabi/lib/thumb/v7e-m+fp/hard/libg.a(lib_a-abort.o)
                0x000000000000c2a4                abort
 .text.__assert_func
                0x000000000000c2b4       0x40 /opt/homebrew/Cellar/arm-none-eabi-gcc/10.3-2021.10/gcc/bin/../lib/gcc/arm-none-eabi/10.3.1/../../../../arm-none-eabi/lib/thumb/v7e-m+fp/hard/libg.a(lib_a-assert.o)
                0x000000000000c2b4                __assert_func
 .text.bsearch  0x000000000000c2f4       0x48 /opt/homebrew/Cellar/arm-none-eabi-gcc/10.3-2021.10/gcc/bin/../lib/gcc/arm-none-eabi/10.3.1/../../../../arm-none-eabi/lib/thumb/v7e-m+fp/hard/libg.a(lib_a-bsearch.o)
                0x000000000000c2f4                bsearch
 .text.calloc   0x000000000000c33c       0x18 /opt/homebrew/Cellar/arm-none-eabi-gcc/10.3-2021.10/gcc/bin/../lib/gcc/arm-none-eabi/10.3.1/../../../../arm-none-eabi/lib/thumb/v7e-m+fp/hard/libg.a(lib_a-calloc.o)
                0x000000000000c33c                calloc
 .text._calloc_r
                0x000000000000c354       0x78 /opt/homebrew/Cellar/arm-none-eabi-gcc/10.3-2021.10/gcc/bin/../lib/gcc/arm-none-eabi/10.3.1/../../../../arm-none-eabi/lib/thumb/v7e-m+fp/hard/libg.a(lib_a-callocr.o)
                0x000000000000c354                _calloc_r
 .text.__errno  0x000000000000c3cc        0xc /opt/homebrew/Cellar/arm-none-eabi-gcc/10.3-2021.10/gcc/bin/../lib/gcc/arm-none-eabi/10.3.1/../../../../arm-none-eabi/lib/thumb/v7e-m+fp/hard/libg.a(lib_a-errno.o)
                0x000000000000c3cc                __errno
 .text.fiprintf
                0x000000000000c3d8       0x28 /opt/homebrew/Cellar/arm-none-eabi-gcc/10.3-2021.10/gcc/bin/../lib/gcc/arm-none-eabi/10.3.1/../../../../arm-none-eabi/lib/thumb/v7e-m+fp/hard/libg.a(lib_a-fiprintf.o)
                0x000000000000c3d8                fiprintf
 .text.fprintf  0x000000000000c400       0x28 /opt/homebrew/Cellar/arm-none-eabi-gcc/10.3-2021.10/gcc/bin/../lib/gcc/arm-none-eabi/10.3.1/../../../../arm-none-eabi/lib/thumb/v7e-m+fp/hard/libg.a(lib_a-fprintf.o)
                0x000000000000c400                fprintf
 .text._fwrite_r
                0x000000000000c428       0xa8 /opt/homebrew/Cellar/arm-none-eabi-gcc/10.3-2021.10/gcc/bin/../lib/gcc/arm-none-eabi/10.3.1/../../../../arm-none-eabi/lib/thumb/v7e-m+fp/hard/libg.a(lib_a-fwrite.o)
                0x000000000000c428                _fwrite_r
 .text.fwrite   0x000000000000c4d0       0x20 /opt/homebrew/Cellar/arm-none-eabi-gcc/10.3-2021.10/gcc/bin/../lib/gcc/arm-none-eabi/10.3.1/../../../../arm-none-eabi/lib/thumb/v7e-m+fp/hard/libg.a(lib_a-fwrite.o)
                0x000000000000c4d0                fwrite
 .text.__retarget_lock_init_recursive
                0x000000000000c4f0        0x4 /opt/homebrew/Cellar/arm-none-eabi-gcc/10.3-2021.10/gcc/bin/../lib/gcc/arm-none-eabi/10.3.1/../../../../arm-none-eabi/lib/thumb/v7e-m+fp/hard/libg.a(lib_a-lock.o)
                0x000000000000c4f0                __retarget_lock_init_recursive
 .text.__retarget_lock_close_recursive
                0x000000000000c4f4        0x4 /opt/homebrew/Cellar/arm-none-eabi-gcc/10.3-2021.10/gcc/bin/../lib/gcc/arm-none-eabi/10.3.1/../../../../arm-none-eabi/lib/thumb/v7e-m+fp/hard/libg.a(lib_a-lock.o)
                0x000000000000c4f4                __retarget_lock_close_recursive
 .text.__retarget_lock_acquire_recursive
                0x000000000000c4f8        0x4 /opt/homebrew/Cellar/arm-none-eabi-gcc/10.3-2021.10/gcc/bin/../lib/gcc/arm-none-eabi/10.3.1/../../../../arm-none-eabi/lib/thumb/v7e-m+fp/hard/libg.a(lib_a-lock.o)
                0x000000000000c4f8                __retarget_lock_acquire_recursive
 .text.__retarget_lock_release_recursive
                0x000000000000c4fc        0x4 /opt/homebrew/Cellar/arm-none-eabi-gcc/10.3-2021.10/gcc/bin/../lib/gcc/arm-none-eabi/10.3.1/../../../../arm-none-eabi/lib/thumb/v7e-m+fp/hard/libg.a(lib_a-lock.o)
                0x000000000000c4fc                __retarget_lock_release_recursive
 .text.free     0x000000000000c500       0x10 /opt/homebrew/Cellar/arm-none-eabi-gcc/10.3-2021.10/gcc/bin/../lib/gcc/arm-none-eabi/10.3.1/../../../../arm-none-eabi/lib/thumb/v7e-m+fp/hard/libg.a(lib_a-malloc.o)
                0x000000000000c500                free
 .text.memmove  0x000000000000c510       0xf8 /opt/homebrew/Cellar/arm-none-eabi-gcc/10.3-2021.10/gcc/bin/../lib/gcc/arm-none-eabi/10.3.1/../../../../arm-none-eabi/lib/thumb/v7e-m+fp/hard/libg.a(lib_a-memmove.o)
                0x000000000000c510                memmove
 .text.memset   0x000000000000c608       0xa4 /opt/homebrew/Cellar/arm-none-eabi-gcc/10.3-2021.10/gcc/bin/../lib/gcc/arm-none-eabi/10.3.1/../../../../arm-none-eabi/lib/thumb/v7e-m+fp/hard/libg.a(lib_a-memset.o)
                0x000000000000c608                memset
 .text.qsort    0x000000000000c6ac      0x634 /opt/homebrew/Cellar/arm-none-eabi-gcc/10.3-2021.10/gcc/bin/../lib/gcc/arm-none-eabi/10.3.1/../../../../arm-none-eabi/lib/thumb/v7e-m+fp/hard/libg.a(lib_a-qsort.o)
                0x000000000000c6ac                qsort
 .text.realloc  0x000000000000cce0       0x18 /opt/homebrew/Cellar/arm-none-eabi-gcc/10.3-2021.10/gcc/bin/../lib/gcc/arm-none-eabi/10.3.1/../../../../arm-none-eabi/lib/thumb/v7e-m+fp/hard/libg.a(lib_a-realloc.o)
                0x000000000000cce0                realloc
 .text.raise    0x000000000000ccf8       0x5c /opt/homebrew/Cellar/arm-none-eabi-gcc/10.3-2021.10/gcc/bin/../lib/gcc/arm-none-eabi/10.3.1/../../../../arm-none-eabi/lib/thumb/v7e-m+fp/hard/libg.a(lib_a-signal.o)
                0x000000000000ccf8                raise
 .text._kill_r  0x000000000000cd54       0x2c /opt/homebrew/Cellar/arm-none-eabi-gcc/10.3-2021.10/gcc/bin/../lib/gcc/arm-none-eabi/10.3.1/../../../../arm-none-eabi/lib/thumb/v7e-m+fp/hard/libg.a(lib_a-signalr.o)
                0x000000000000cd54                _kill_r
 .text._getpid_r
                0x000000000000cd80        0x4 /opt/homebrew/Cellar/arm-none-eabi-gcc/10.3-2021.10/gcc/bin/../lib/gcc/arm-none-eabi/10.3.1/../../../../arm-none-eabi/lib/thumb/v7e-m+fp/hard/libg.a(lib_a-signalr.o)
                0x000000000000cd80                _getpid_r
 .text.snprintf
                0x000000000000cd84       0x88 /opt/homebrew/Cellar/arm-none-eabi-gcc/10.3-2021.10/gcc/bin/../lib/gcc/arm-none-eabi/10.3.1/../../../../arm-none-eabi/lib/thumb/v7e-m+fp/hard/libg.a(lib_a-snprintf.o)
                0x000000000000cd84                snprintf
 .text.strchr   0x000000000000ce0c       0xcc /opt/homebrew/Cellar/arm-none-eabi-gcc/10.3-2021.10/gcc/bin/../lib/gcc/arm-none-eabi/10.3.1/../../../../arm-none-eabi/lib/thumb/v7e-m+fp/hard/libg.a(lib_a-strchr.o)
                0x000000000000ce0c                strchr
 .text.strncmp  0x000000000000ced8       0x80 /opt/homebrew/Cellar/arm-none-eabi-gcc/10.3-2021.10/gcc/bin/../lib/gcc/arm-none-eabi/10.3.1/../../../../arm-none-eabi/lib/thumb/v7e-m+fp/hard/libg.a(lib_a-strncmp.o)
                0x000000000000ced8                strncmp
 .text._svfprintf_r
                0x000000000000cf58     0x1acc /opt/homebrew/Cellar/arm-none-eabi-gcc/10.3-2021.10/gcc/bin/../lib/gcc/arm-none-eabi/10.3.1/../../../../arm-none-eabi/lib/thumb/v7e-m+fp/hard/libg.a(lib_a-svfprintf.o)
                0x000000000000cf58                _svfprintf_r
 .text.__sprint_r.part.0
                0x000000000000ea24       0x78 /opt/homebrew/Cellar/arm-none-eabi-gcc/10.3-2021.10/gcc/bin/../lib/gcc/arm-none-eabi/10.3.1/../../../../arm-none-eabi/lib/thumb/v7e-m+fp/hard/libg.a(lib_a-vfiprintf.o)
 .text.__sprint_r
                0x000000000000ea9c       0x18 /opt/homebrew/Cellar/arm-none-eabi-gcc/10.3-2021.10/gcc/bin/../lib/gcc/arm-none-eabi/10.3.1/../../../../arm-none-eabi/lib/thumb/v7e-m+fp/hard/libg.a(lib_a-vfiprintf.o)
                0x000000000000ea9c                __sprint_r
 .text._vfiprintf_r
                0x000000000000eab4      0xdfc /opt/homebrew/Cellar/arm-none-eabi-gcc/10.3-2021.10/gcc/bin/../lib/gcc/arm-none-eabi/10.3.1/../../../../arm-none-eabi/lib/thumb/v7e-m+fp/hard/libg.a(lib_a-vfiprintf.o)
                0x000000000000eab4                _vfiprintf_r
 .text.__sbprintf
                0x000000000000f8b0       0x80 /opt/homebrew/Cellar/arm-none-eabi-gcc/10.3-2021.10/gcc/bin/../lib/gcc/arm-none-eabi/10.3.1/../../../../arm-none-eabi/lib/thumb/v7e-m+fp/hard/libg.a(lib_a-vfiprintf.o)
 .text._vfprintf_r
                0x000000000000f930     0x1b90 /opt/homebrew/Cellar/arm-none-eabi-gcc/10.3-2021.10/gcc/bin/../lib/gcc/arm-none-eabi/10.3.1/../../../../arm-none-eabi/lib/thumb/v7e-m+fp/hard/libg.a(lib_a-vfprintf.o)
                0x000000000000f930                _vfprintf_r
 .text.__sbprintf
                0x00000000000114c0       0x80 /opt/homebrew/Cellar/arm-none-eabi-gcc/10.3-2021.10/gcc/bin/../lib/gcc/arm-none-eabi/10.3.1/../../../../arm-none-eabi/lib/thumb/v7e-m+fp/hard/libg.a(lib_a-vfprintf.o)
 .text.__swsetup_r
                0x0000000000011540       0xd4 /opt/homebrew/Cellar/arm-none-eabi-gcc/10.3-2021.10/gcc/bin/../lib/gcc/arm-none-eabi/10.3.1/../../../../arm-none-eabi/lib/thumb/v7e-m+fp/hard/libg.a(lib_a-wsetup.o)
                0x0000000000011540                __swsetup_r
 .text.quorem   0x0000000000011614      0x128 /opt/homebrew/Cellar/arm-none-eabi-gcc/10.3-2021.10/gcc/bin/../lib/gcc/arm-none-eabi/10.3.1/../../../../arm-none-eabi/lib/thumb/v7e-m+fp/hard/libg.a(lib_a-dtoa.o)
 *fill*         0x000000000001173c        0x4 
 .text._dtoa_r  0x0000000000011740      0xf3c /opt/homebrew/Cellar/arm-none-eabi-gcc/10.3-2021.10/gcc/bin/../lib/gcc/arm-none-eabi/10.3.1/../../../../arm-none-eabi/lib/thumb/v7e-m+fp/hard/libg.a(lib_a-dtoa.o)
                0x0000000000011740                _dtoa_r
 .text.__sflush_r
                0x000000000001267c      0x130 /opt/homebrew/Cellar/arm-none-eabi-gcc/10.3-2021.10/gcc/bin/../lib/gcc/arm-none-eabi/10.3.1/../../../../arm-none-eabi/lib/thumb/v7e-m+fp/hard/libg.a(lib_a-fflush.o)
                0x000000000001267c                __sflush_r
 .text._fflush_r
                0x00000000000127ac       0x5c /opt/homebrew/Cellar/arm-none-eabi-gcc/10.3-2021.10/gcc/bin/../lib/gcc/arm-none-eabi/10.3.1/../../../../arm-none-eabi/lib/thumb/v7e-m+fp/hard/libg.a(lib_a-fflush.o)
                0x00000000000127ac                _fflush_r
 .text._cleanup_r
                0x0000000000012808        0xc /opt/homebrew/Cellar/arm-none-eabi-gcc/10.3-2021.10/gcc/bin/../lib/gcc/arm-none-eabi/10.3.1/../../../../arm-none-eabi/lib/thumb/v7e-m+fp/hard/libg.a(lib_a-findfp.o)
                0x0000000000012808                _cleanup_r
 .text.__sinit  0x0000000000012814      0x10c /opt/homebrew/Cellar/arm-none-eabi-gcc/10.3-2021.10/gcc/bin/../lib/gcc/arm-none-eabi/10.3.1/../../../../arm-none-eabi/lib/thumb/v7e-m+fp/hard/libg.a(lib_a-findfp.o)
                0x0000000000012814                __sinit
 .text.__sfp_lock_acquire
                0x0000000000012920        0xc /opt/homebrew/Cellar/arm-none-eabi-gcc/10.3-2021.10/gcc/bin/../lib/gcc/arm-none-eabi/10.3.1/../../../../arm-none-eabi/lib/thumb/v7e-m+fp/hard/libg.a(lib_a-findfp.o)
                0x0000000000012920                __sfp_lock_acquire
 .text.__sfp_lock_release
                0x000000000001292c        0xc /opt/homebrew/Cellar/arm-none-eabi-gcc/10.3-2021.10/gcc/bin/../lib/gcc/arm-none-eabi/10.3.1/../../../../arm-none-eabi/lib/thumb/v7e-m+fp/hard/libg.a(lib_a-findfp.o)
                0x000000000001292c                __sfp_lock_release
 .text.__fputwc
                0x0000000000012938       0xa8 /opt/homebrew/Cellar/arm-none-eabi-gcc/10.3-2021.10/gcc/bin/../lib/gcc/arm-none-eabi/10.3.1/../../../../arm-none-eabi/lib/thumb/v7e-m+fp/hard/libg.a(lib_a-fputwc.o)
                0x0000000000012938                __fputwc
 .text._fputwc_r
                0x00000000000129e0       0x68 /opt/homebrew/Cellar/arm-none-eabi-gcc/10.3-2021.10/gcc/bin/../lib/gcc/arm-none-eabi/10.3.1/../../../../arm-none-eabi/lib/thumb/v7e-m+fp/hard/libg.a(lib_a-fputwc.o)
                0x00000000000129e0                _fputwc_r
 .text.__sfvwrite_r
                0x0000000000012a48      0x2f0 /opt/homebrew/Cellar/arm-none-eabi-gcc/10.3-2021.10/gcc/bin/../lib/gcc/arm-none-eabi/10.3.1/../../../../arm-none-eabi/lib/thumb/v7e-m+fp/hard/libg.a(lib_a-fvwrite.o)
                0x0000000000012a48                __sfvwrite_r
 .text._fwalk_reent
                0x0000000000012d38       0x48 /opt/homebrew/Cellar/arm-none-eabi-gcc/10.3-2021.10/gcc/bin/../lib/gcc/arm-none-eabi/10.3.1/../../../../arm-none-eabi/lib/thumb/v7e-m+fp/hard/libg.a(lib_a-fwalk.o)
                0x0000000000012d38                _fwalk_reent
 .text.__locale_mb_cur_max
                0x0000000000012d80        0xc /opt/homebrew/Cellar/arm-none-eabi-gcc/10.3-2021.10/gcc/bin/../lib/gcc/arm-none-eabi/10.3.1/../../../../arm-none-eabi/lib/thumb/v7e-m+fp/hard/libg.a(lib_a-locale.o)
                0x0000000000012d80                __locale_mb_cur_max
 .text._localeconv_r
                0x0000000000012d8c        0x8 /opt/homebrew/Cellar/arm-none-eabi-gcc/10.3-2021.10/gcc/bin/../lib/gcc/arm-none-eabi/10.3.1/../../../../arm-none-eabi/lib/thumb/v7e-m+fp/hard/libg.a(lib_a-localeconv.o)
                0x0000000000012d8c                _localeconv_r
 .text.__smakebuf_r
                0x0000000000012d94       0xe0 /opt/homebrew/Cellar/arm-none-eabi-gcc/10.3-2021.10/gcc/bin/../lib/gcc/arm-none-eabi/10.3.1/../../../../arm-none-eabi/lib/thumb/v7e-m+fp/hard/libg.a(lib_a-makebuf.o)
                0x0000000000012d94                __smakebuf_r
 .text.__ascii_mbtowc
                0x0000000000012e74       0x2c /opt/homebrew/Cellar/arm-none-eabi-gcc/10.3-2021.10/gcc/bin/../lib/gcc/arm-none-eabi/10.3.1/../../../../arm-none-eabi/lib/thumb/v7e-m+fp/hard/libg.a(lib_a-mbtowc_r.o)
                0x0000000000012e74                __ascii_mbtowc
 .text._Balloc  0x0000000000012ea0       0x4c /opt/homebrew/Cellar/arm-none-eabi-gcc/10.3-2021.10/gcc/bin/../lib/gcc/arm-none-eabi/10.3.1/../../../../arm-none-eabi/lib/thumb/v7e-m+fp/hard/libg.a(lib_a-mprec.o)
                0x0000000000012ea0                _Balloc
 .text._Bfree   0x0000000000012eec       0x14 /opt/homebrew/Cellar/arm-none-eabi-gcc/10.3-2021.10/gcc/bin/../lib/gcc/arm-none-eabi/10.3.1/../../../../arm-none-eabi/lib/thumb/v7e-m+fp/hard/libg.a(lib_a-mprec.o)
                0x0000000000012eec                _Bfree
 .text.__multadd
                0x0000000000012f00       0xa8 /opt/homebrew/Cellar/arm-none-eabi-gcc/10.3-2021.10/gcc/bin/../lib/gcc/arm-none-eabi/10.3.1/../../../../arm-none-eabi/lib/thumb/v7e-m+fp/hard/libg.a(lib_a-mprec.o)
                0x0000000000012f00                __multadd
 .text.__hi0bits
                0x0000000000012fa8       0x40 /opt/homebrew/Cellar/arm-none-eabi-gcc/10.3-2021.10/gcc/bin/../lib/gcc/arm-none-eabi/10.3.1/../../../../arm-none-eabi/lib/thumb/v7e-m+fp/hard/libg.a(lib_a-mprec.o)
                0x0000000000012fa8                __hi0bits
 .text.__lo0bits
                0x0000000000012fe8       0x60 /opt/homebrew/Cellar/arm-none-eabi-gcc/10.3-2021.10/gcc/bin/../lib/gcc/arm-none-eabi/10.3.1/../../../../arm-none-eabi/lib/thumb/v7e-m+fp/hard/libg.a(lib_a-mprec.o)
                0x0000000000012fe8                __lo0bits
 .text.__i2b    0x0000000000013048       0x5c /opt/homebrew/Cellar/arm-none-eabi-gcc/10.3-2021.10/gcc/bin/../lib/gcc/arm-none-eabi/10.3.1/../../../../arm-none-eabi/lib/thumb/v7e-m+fp/hard/libg.a(lib_a-mprec.o)
                0x0000000000013048                __i2b
 .text.__multiply
                0x00000000000130a4      0x15c /opt/homebrew/Cellar/arm-none-eabi-gcc/10.3-2021.10/gcc/bin/../lib/gcc/arm-none-eabi/10.3.1/../../../../arm-none-eabi/lib/thumb/v7e-m+fp/hard/libg.a(lib_a-mprec.o)
                0x00000000000130a4                __multiply
 .text.__pow5mult
                0x0000000000013200       0xc0 /opt/homebrew/Cellar/arm-none-eabi-gcc/10.3-2021.10/gcc/bin/../lib/gcc/arm-none-eabi/10.3.1/../../../../arm-none-eabi/lib/thumb/v7e-m+fp/hard/libg.a(lib_a-mprec.o)
                0x0000000000013200                __pow5mult
 .text.__lshift
                0x00000000000132c0       0xf0 /opt/homebrew/Cellar/arm-none-eabi-gcc/10.3-2021.10/gcc/bin/../lib/gcc/arm-none-eabi/10.3.1/../../../../arm-none-eabi/lib/thumb/v7e-m+fp/hard/libg.a(lib_a-mprec.o)
                0x00000000000132c0                __lshift
 .text.__mcmp   0x00000000000133b0       0x44 /opt/homebrew/Cellar/arm-none-eabi-gcc/10.3-2021.10/gcc/bin/../lib/gcc/arm-none-eabi/10.3.1/../../../../arm-none-eabi/lib/thumb/v7e-m+fp/hard/libg.a(lib_a-mprec.o)
                0x00000000000133b0                __mcmp
 .text.__mdiff  0x00000000000133f4      0x14c /opt/homebrew/Cellar/arm-none-eabi-gcc/10.3-2021.10/gcc/bin/../lib/gcc/arm-none-eabi/10.3.1/../../../../arm-none-eabi/lib/thumb/v7e-m+fp/hard/libg.a(lib_a-mprec.o)
                0x00000000000133f4                __mdiff
 .text.__d2b    0x0000000000013540       0xd0 /opt/homebrew/Cellar/arm-none-eabi-gcc/10.3-2021.10/gcc/bin/../lib/gcc/arm-none-eabi/10.3.1/../../../../arm-none-eabi/lib/thumb/v7e-m+fp/hard/libg.a(lib_a-mprec.o)
                0x0000000000013540                __d2b
 .text.frexp    0x0000000000013610       0x6c /opt/homebrew/Cellar/arm-none-eabi-gcc/10.3-2021.10/gcc/bin/../lib/gcc/arm-none-eabi/10.3.1/../../../../arm-none-eabi/lib/thumb/v7e-m+fp/hard/libg.a(lib_a-s_frexp.o)
                0x0000000000013610                frexp
 .text.__sread  0x000000000001367c       0x24 /opt/homebrew/Cellar/arm-none-eabi-gcc/10.3-2021.10/gcc/bin/../lib/gcc/arm-none-eabi/10.3.1/../../../../arm-none-eabi/lib/thumb/v7e-m+fp/hard/libg.a(lib_a-stdio.o)
                0x000000000001367c                __sread
 .text.__swrite
                0x00000000000136a0       0x40 /opt/homebrew/Cellar/arm-none-eabi-gcc/10.3-2021.10/gcc/bin/../lib/gcc/arm-none-eabi/10.3.1/../../../../arm-none-eabi/lib/thumb/v7e-m+fp/hard/libg.a(lib_a-stdio.o)
                0x00000000000136a0                __swrite
 .text.__sseek  0x00000000000136e0       0x20 /opt/homebrew/Cellar/arm-none-eabi-gcc/10.3-2021.10/gcc/bin/../lib/gcc/arm-none-eabi/10.3.1/../../../../arm-none-eabi/lib/thumb/v7e-m+fp/hard/libg.a(lib_a-stdio.o)
                0x00000000000136e0                __sseek
 .text.__sclose
                0x0000000000013700        0x8 /opt/homebrew/Cellar/arm-none-eabi-gcc/10.3-2021.10/gcc/bin/../lib/gcc/arm-none-eabi/10.3.1/../../../../arm-none-eabi/lib/thumb/v7e-m+fp/hard/libg.a(lib_a-stdio.o)
                0x0000000000013700                __sclose
 .text.strncpy  0x0000000000013708       0x64 /opt/homebrew/Cellar/arm-none-eabi-gcc/10.3-2021.10/gcc/bin/../lib/gcc/arm-none-eabi/10.3.1/../../../../arm-none-eabi/lib/thumb/v7e-m+fp/hard/libg.a(lib_a-strncpy.o)
                0x0000000000013708                strncpy
 .text.__ssprint_r
                0x000000000001376c       0xf8 /opt/homebrew/Cellar/arm-none-eabi-gcc/10.3-2021.10/gcc/bin/../lib/gcc/arm-none-eabi/10.3.1/../../../../arm-none-eabi/lib/thumb/v7e-m+fp/hard/libg.a(lib_a-svfiprintf.o)
                0x000000000001376c                __ssprint_r
 .text.__swbuf_r
                0x0000000000013864       0xb0 /opt/homebrew/Cellar/arm-none-eabi-gcc/10.3-2021.10/gcc/bin/../lib/gcc/arm-none-eabi/10.3.1/../../../../arm-none-eabi/lib/thumb/v7e-m+fp/hard/libg.a(lib_a-wbuf.o)
                0x0000000000013864                __swbuf_r
 .text._wcrtomb_r
                0x0000000000013914       0x3c /opt/homebrew/Cellar/arm-none-eabi-gcc/10.3-2021.10/gcc/bin/../lib/gcc/arm-none-eabi/10.3.1/../../../../arm-none-eabi/lib/thumb/v7e-m+fp/hard/libg.a(lib_a-wcrtomb.o)
                0x0000000000013914                _wcrtomb_r
 .text.__ascii_wctomb
                0x0000000000013950       0x1c /opt/homebrew/Cellar/arm-none-eabi-gcc/10.3-2021.10/gcc/bin/../lib/gcc/arm-none-eabi/10.3.1/../../../../arm-none-eabi/lib/thumb/v7e-m+fp/hard/libg.a(lib_a-wctomb_r.o)
                0x0000000000013950                __ascii_wctomb
 .text._write_r
                0x000000000001396c       0x2c /opt/homebrew/Cellar/arm-none-eabi-gcc/10.3-2021.10/gcc/bin/../lib/gcc/arm-none-eabi/10.3.1/../../../../arm-none-eabi/lib/thumb/v7e-m+fp/hard/libg.a(lib_a-writer.o)
                0x000000000001396c                _write_r
 .text._close_r
                0x0000000000013998       0x24 /opt/homebrew/Cellar/arm-none-eabi-gcc/10.3-2021.10/gcc/bin/../lib/gcc/arm-none-eabi/10.3.1/../../../../arm-none-eabi/lib/thumb/v7e-m+fp/hard/libg.a(lib_a-closer.o)
                0x0000000000013998                _close_r
 .text._fclose_r
                0x00000000000139bc       0xcc /opt/homebrew/Cellar/arm-none-eabi-gcc/10.3-2021.10/gcc/bin/../lib/gcc/arm-none-eabi/10.3.1/../../../../arm-none-eabi/lib/thumb/v7e-m+fp/hard/libg.a(lib_a-fclose.o)
                0x00000000000139bc                _fclose_r
 .text._fstat_r
                0x0000000000013a88       0x2c /opt/homebrew/Cellar/arm-none-eabi-gcc/10.3-2021.10/gcc/bin/../lib/gcc/arm-none-eabi/10.3.1/../../../../arm-none-eabi/lib/thumb/v7e-m+fp/hard/libg.a(lib_a-fstatr.o)
                0x0000000000013a88                _fstat_r
 .text._isatty_r
                0x0000000000013ab4       0x24 /opt/homebrew/Cellar/arm-none-eabi-gcc/10.3-2021.10/gcc/bin/../lib/gcc/arm-none-eabi/10.3.1/../../../../arm-none-eabi/lib/thumb/v7e-m+fp/hard/libg.a(lib_a-isattyr.o)
                0x0000000000013ab4                _isatty_r
 .text._lseek_r
                0x0000000000013ad8       0x2c /opt/homebrew/Cellar/arm-none-eabi-gcc/10.3-2021.10/gcc/bin/../lib/gcc/arm-none-eabi/10.3.1/../../../../arm-none-eabi/lib/thumb/v7e-m+fp/hard/libg.a(lib_a-lseekr.o)
                0x0000000000013ad8                _lseek_r
 .text._read_r  0x0000000000013b04       0x2c /opt/homebrew/Cellar/arm-none-eabi-gcc/10.3-2021.10/gcc/bin/../lib/gcc/arm-none-eabi/10.3.1/../../../../arm-none-eabi/lib/thumb/v7e-m+fp/hard/libg.a(lib_a-readr.o)
                0x0000000000013b04                _read_r
 *(.init)
 *(.fini)
 *crtbegin.o(.ctors)
 *crtbegin?.o(.ctors)
 *(EXCLUDE_FILE(*crtend.o *crtend?.o) .ctors)
 *(SORT_BY_NAME(.ctors.*))
 *(.ctors)
 *crtbegin.o(.dtors)
 *crtbegin?.o(.dtors)
 *(EXCLUDE_FILE(*crtend.o *crtend?.o) .dtors)
 *(SORT_BY_NAME(.dtors.*))
 *(.dtors)
 *(.rodata*)
 .rodata.update.str1.4
                0x0000000000013b30       0x51 build/src/main.o
 *fill*         0x0000000000013b81        0x3 
 .rodata.eventHandler.str1.4
                0x0000000000013b84       0xb9 build/src/main.o
 *fill*         0x0000000000013c3d        0x3 
 .rodata.str1.4
                0x0000000000013c40      0x126 build/src/main.o
 *fill*         0x0000000000013d66        0x2 
 .rodata.finalize.str1.4
                0x0000000000013d68       0x4d build/../cmark/src/blocks.o
 *fill*         0x0000000000013db5        0x3 
 .rodata.S_process_line.str1.4
                0x0000000000013db8       0x50 build/../cmark/src/blocks.o
 .rodata.__func__.0
                0x0000000000013e08       0x16 build/../cmark/src/blocks.o
 *fill*         0x0000000000013e1e        0x2 
 .rodata.__func__.1
                0x0000000000013e20        0xa build/../cmark/src/blocks.o
 *fill*         0x0000000000013e2a        0x2 
 .rodata.__func__.2
                0x0000000000013e2c       0x18 build/../cmark/src/blocks.o
 .rodata.__func__.3
                0x0000000000013e44        0x9 build/../cmark/src/blocks.o
 *fill*         0x0000000000013e4d        0x3 
 .rodata.repl.4
                0x0000000000013e50        0x3 build/../cmark/src/blocks.o
 *fill*         0x0000000000013e53        0x1 
 .rodata.cmark_strbuf_grow.str1.4
                0x0000000000013e54       0x6c build/../cmark/src/buffer.o
 .rodata.__func__.0
                0x0000000000013ec0       0x12 build/../cmark/src/buffer.o
 *fill*         0x0000000000013ed2        0x2 
 .rodata.xcalloc.str1.4
                0x0000000000013ed4       0x30 build/../cmark/src/cmark.o
 .rodata.xrealloc.str1.4
                0x0000000000013f04       0x31 build/../cmark/src/cmark.o
 *fill*         0x0000000000013f35        0x3 
 .rodata.cmark_ctype_class
                0x0000000000013f38      0x100 build/../cmark/src/cmark_ctype.o
 .rodata.houdini_escape_href.str1.4
                0x0000000000014038        0xf build/../cmark/src/houdini_href_e.o
 *fill*         0x0000000000014047        0x1 
 .rodata.HREF_SAFE
                0x0000000000014048      0x100 build/../cmark/src/houdini_href_e.o
 .rodata.hex_chars.0
                0x0000000000014148       0x11 build/../cmark/src/houdini_href_e.o
 *fill*         0x0000000000014159        0x3 
 .rodata.str1.4
                0x000000000001415c       0x25 build/../cmark/src/houdini_html_e.o
                                         0x31 (size before relaxing)
 *fill*         0x0000000000014181        0x3 
 .rodata.HTML_ESCAPES
                0x0000000000014184       0x1c build/../cmark/src/houdini_html_e.o
 .rodata.HTML_ESCAPE_TABLE
                0x00000000000141a0      0x100 build/../cmark/src/houdini_html_e.o
 .rodata.houdini_unescape_ent.str1.4
                0x00000000000142a0       0x17 build/../cmark/src/houdini_html_u.o
 *fill*         0x00000000000142b7        0x1 
 .rodata.cmark_entities
                0x00000000000142b8     0x2134 build/../cmark/src/houdini_html_u.o
 .rodata.cmark_entity_text
                0x00000000000163ec     0x4efc build/../cmark/src/houdini_html_u.o
 .rodata.S_render_sourcepos.part.0.str1.4
                0x000000000001b2e8       0x1e build/../cmark/src/html.o
 *fill*         0x000000000001b306        0x2 
 .rodata.cmark_render_html.str1.4
                0x000000000001b308      0x161 build/../cmark/src/html.o
                                        0x165 (size before relaxing)
 *fill*         0x000000000001b469        0x3 
 .rodata.__func__.0
                0x000000000001b46c        0xe build/../cmark/src/html.o
 *fill*         0x000000000001b47a        0x2 
 .rodata.remove_delimiter.str1.4
                0x000000000001b47c       0x33 build/../cmark/src/inlines.o
 *fill*         0x000000000001b4af        0x1 
 .rodata.process_emphasis.str1.4
                0x000000000001b4b0       0x10 build/../cmark/src/inlines.o
                                         0x18 (size before relaxing)
 .rodata.peek_char.part.0.str1.4
                0x000000000001b4c0       0x43 build/../cmark/src/inlines.o
 *fill*         0x000000000001b503        0x1 
 .rodata.make_autolink.str1.4
                0x000000000001b504        0x8 build/../cmark/src/inlines.o
 .rodata.cmark_parse_inlines.str1.4
                0x000000000001b50c       0x2a build/../cmark/src/inlines.o
                                         0x36 (size before relaxing)
 *fill*         0x000000000001b536        0x2 
 .rodata.SMART_PUNCT_CHARS.3
                0x000000000001b538      0x100 build/../cmark/src/inlines.o
 .rodata.SPECIAL_CHARS.4
                0x000000000001b638      0x100 build/../cmark/src/inlines.o
 .rodata.__func__.0
                0x000000000001b738       0x11 build/../cmark/src/inlines.o
 *fill*         0x000000000001b749        0x3 
 .rodata.__func__.1
                0x000000000001b74c       0x11 build/../cmark/src/inlines.o
 *fill*         0x000000000001b75d        0x3 
 .rodata.__func__.2
                0x000000000001b760        0xa build/../cmark/src/inlines.o
 *fill*         0x000000000001b76a        0x2 
 .rodata.cmark_iter_next.str1.4
                0x000000000001b76c       0x18 build/../cmark/src/iterator.o
                                         0x20 (size before relaxing)
 .rodata.__func__.0
                0x000000000001b784       0x10 build/../cmark/src/iterator.o
 .rodata.normalize_reference.str1.4
                0x000000000001b794       0x22 build/../cmark/src/references.o
 *fill*         0x000000000001b7b6        0x2 
 .rodata.cmark_reference_create.str1.4
                0x000000000001b7b8       0x14 build/../cmark/src/references.o
 .rodata.__func__.0
                0x000000000001b7cc       0x14 build/../cmark/src/references.o
 .rodata.__func__.1
                0x000000000001b7e0       0x17 build/../cmark/src/references.o
 *fill*         0x000000000001b7f7        0x1 
 .rodata.yybm.0
                0x000000000001b7f8      0x100 build/../cmark/src/scanners.o
 .rodata.yybm.1
                0x000000000001b8f8      0x100 build/../cmark/src/scanners.o
 .rodata.yybm.10
                0x000000000001b9f8      0x100 build/../cmark/src/scanners.o
 .rodata.yybm.11
                0x000000000001baf8      0x100 build/../cmark/src/scanners.o
 .rodata.yybm.12
                0x000000000001bbf8      0x100 build/../cmark/src/scanners.o
 .rodata.yybm.13
                0x000000000001bcf8      0x100 build/../cmark/src/scanners.o
 .rodata.yybm.14
                0x000000000001bdf8      0x100 build/../cmark/src/scanners.o
 .rodata.yybm.15
                0x000000000001bef8      0x100 build/../cmark/src/scanners.o
 .rodata.yybm.16
                0x000000000001bff8      0x100 build/../cmark/src/scanners.o
 .rodata.yybm.17
                0x000000000001c0f8      0x100 build/../cmark/src/scanners.o
 .rodata.yybm.18
                0x000000000001c1f8      0x100 build/../cmark/src/scanners.o
 .rodata.yybm.2
                0x000000000001c2f8      0x100 build/../cmark/src/scanners.o
 .rodata.yybm.3
                0x000000000001c3f8      0x100 build/../cmark/src/scanners.o
 .rodata.yybm.4
                0x000000000001c4f8      0x100 build/../cmark/src/scanners.o
 .rodata.yybm.5
                0x000000000001c5f8      0x100 build/../cmark/src/scanners.o
 .rodata.yybm.6
                0x000000000001c6f8      0x100 build/../cmark/src/scanners.o
 .rodata.yybm.7
                0x000000000001c7f8      0x100 build/../cmark/src/scanners.o
 .rodata.yybm.8
                0x000000000001c8f8      0x100 build/../cmark/src/scanners.o
 .rodata.yybm.9
                0x000000000001c9f8      0x100 build/../cmark/src/scanners.o
 .rodata.cmark_utf8proc_encode_char.str1.4
                0x000000000001caf8       0x1c build/../cmark/src/utf8.o
 .rodata.__func__.0
                0x000000000001cb14       0x1b build/../cmark/src/utf8.o
 *fill*         0x000000000001cb2f        0x1 
 .rodata.cf_repl
                0x000000000001cb30     0x150a build/../cmark/src/utf8.o
 *fill*         0x000000000001e03a        0x2 
 .rodata.cf_table
                0x000000000001e03c     0x185c build/../cmark/src/utf8.o
 .rodata.repl.1
                0x000000000001f898        0x3 build/../cmark/src/utf8.o
 *fill*         0x000000000001f89b        0x1 
 .rodata.utf8proc_utf8class
                0x000000000001f89c      0x100 build/../cmark/src/utf8.o
 .rodata.__assert_func.str1.4
                0x000000000001f99c       0x3f /opt/homebrew/Cellar/arm-none-eabi-gcc/10.3-2021.10/gcc/bin/../lib/gcc/arm-none-eabi/10.3.1/../../../../arm-none-eabi/lib/thumb/v7e-m+fp/hard/libg.a(lib_a-assert.o)
                                         0x43 (size before relaxing)
 *fill*         0x000000000001f9db        0x1 
 .rodata._svfprintf_r.str1.4
                0x000000000001f9dc       0x42 /opt/homebrew/Cellar/arm-none-eabi-gcc/10.3-2021.10/gcc/bin/../lib/gcc/arm-none-eabi/10.3.1/../../../../arm-none-eabi/lib/thumb/v7e-m+fp/hard/libg.a(lib_a-svfprintf.o)
 *fill*         0x000000000001fa1e        0x2 
 .rodata.blanks.1
                0x000000000001fa20       0x10 /opt/homebrew/Cellar/arm-none-eabi-gcc/10.3-2021.10/gcc/bin/../lib/gcc/arm-none-eabi/10.3.1/../../../../arm-none-eabi/lib/thumb/v7e-m+fp/hard/libg.a(lib_a-svfprintf.o)
 .rodata.zeroes.0
                0x000000000001fa30       0x10 /opt/homebrew/Cellar/arm-none-eabi-gcc/10.3-2021.10/gcc/bin/../lib/gcc/arm-none-eabi/10.3.1/../../../../arm-none-eabi/lib/thumb/v7e-m+fp/hard/libg.a(lib_a-svfprintf.o)
 .rodata._vfiprintf_r.str1.4
                0x000000000001fa40       0x2f /opt/homebrew/Cellar/arm-none-eabi-gcc/10.3-2021.10/gcc/bin/../lib/gcc/arm-none-eabi/10.3.1/../../../../arm-none-eabi/lib/thumb/v7e-m+fp/hard/libg.a(lib_a-vfiprintf.o)
 .rodata.blanks.1
                0x000000000001fa40       0x10 /opt/homebrew/Cellar/arm-none-eabi-gcc/10.3-2021.10/gcc/bin/../lib/gcc/arm-none-eabi/10.3.1/../../../../arm-none-eabi/lib/thumb/v7e-m+fp/hard/libg.a(lib_a-vfiprintf.o)
 .rodata.zeroes.0
                0x000000000001fa50       0x10 /opt/homebrew/Cellar/arm-none-eabi-gcc/10.3-2021.10/gcc/bin/../lib/gcc/arm-none-eabi/10.3.1/../../../../arm-none-eabi/lib/thumb/v7e-m+fp/hard/libg.a(lib_a-vfiprintf.o)
 .rodata._vfprintf_r.str1.4
                0x000000000001fa60       0x42 /opt/homebrew/Cellar/arm-none-eabi-gcc/10.3-2021.10/gcc/bin/../lib/gcc/arm-none-eabi/10.3.1/../../../../arm-none-eabi/lib/thumb/v7e-m+fp/hard/libg.a(lib_a-vfprintf.o)
 .rodata.blanks.1
                0x000000000001fa60       0x10 /opt/homebrew/Cellar/arm-none-eabi-gcc/10.3-2021.10/gcc/bin/../lib/gcc/arm-none-eabi/10.3.1/../../../../arm-none-eabi/lib/thumb/v7e-m+fp/hard/libg.a(lib_a-vfprintf.o)
 .rodata.zeroes.0
                0x000000000001fa70       0x10 /opt/homebrew/Cellar/arm-none-eabi-gcc/10.3-2021.10/gcc/bin/../lib/gcc/arm-none-eabi/10.3.1/../../../../arm-none-eabi/lib/thumb/v7e-m+fp/hard/libg.a(lib_a-vfprintf.o)
 .rodata._dtoa_r.str1.4
                0x000000000001fa80       0x7e /opt/homebrew/Cellar/arm-none-eabi-gcc/10.3-2021.10/gcc/bin/../lib/gcc/arm-none-eabi/10.3.1/../../../../arm-none-eabi/lib/thumb/v7e-m+fp/hard/libg.a(lib_a-dtoa.o)
                                         0x82 (size before relaxing)
 *fill*         0x000000000001fafe        0x2 
 .rodata._setlocale_r.str1.4
                0x000000000001fb00        0xa /opt/homebrew/Cellar/arm-none-eabi-gcc/10.3-2021.10/gcc/bin/../lib/gcc/arm-none-eabi/10.3.1/../../../../arm-none-eabi/lib/thumb/v7e-m+fp/hard/libg.a(lib_a-locale.o)
                                          0xd (size before relaxing)
 .rodata.str1.4
                0x000000000001fb0a        0x2 /opt/homebrew/Cellar/arm-none-eabi-gcc/10.3-2021.10/gcc/bin/../lib/gcc/arm-none-eabi/10.3.1/../../../../arm-none-eabi/lib/thumb/v7e-m+fp/hard/libg.a(lib_a-locale.o)
 *fill*         0x000000000001fb0a        0x2 
 .rodata.__multadd.str1.4
                0x000000000001fb0c       0x5b /opt/homebrew/Cellar/arm-none-eabi-gcc/10.3-2021.10/gcc/bin/../lib/gcc/arm-none-eabi/10.3.1/../../../../arm-none-eabi/lib/thumb/v7e-m+fp/hard/libg.a(lib_a-mprec.o)
                                         0x6f (size before relaxing)
 *fill*         0x000000000001fb67        0x1 
 .rodata.__mprec_bigtens
                0x000000000001fb68       0x28 /opt/homebrew/Cellar/arm-none-eabi-gcc/10.3-2021.10/gcc/bin/../lib/gcc/arm-none-eabi/10.3.1/../../../../arm-none-eabi/lib/thumb/v7e-m+fp/hard/libg.a(lib_a-mprec.o)
                0x000000000001fb68                __mprec_bigtens
 .rodata.__mprec_tens
                0x000000000001fb90       0xc8 /opt/homebrew/Cellar/arm-none-eabi-gcc/10.3-2021.10/gcc/bin/../lib/gcc/arm-none-eabi/10.3.1/../../../../arm-none-eabi/lib/thumb/v7e-m+fp/hard/libg.a(lib_a-mprec.o)
                0x000000000001fb90                __mprec_tens
 .rodata.p05.0  0x000000000001fc58        0xc /opt/homebrew/Cellar/arm-none-eabi-gcc/10.3-2021.10/gcc/bin/../lib/gcc/arm-none-eabi/10.3.1/../../../../arm-none-eabi/lib/thumb/v7e-m+fp/hard/libg.a(lib_a-mprec.o)
 .rodata._ctype_
                0x000000000001fc64      0x101 /opt/homebrew/Cellar/arm-none-eabi-gcc/10.3-2021.10/gcc/bin/../lib/gcc/arm-none-eabi/10.3.1/../../../../arm-none-eabi/lib/thumb/v7e-m+fp/hard/libg.a(lib_a-ctype_.o)
                0x000000000001fc64                _ctype_
 *(.eh_frame*)

.glue_7         0x000000000001fd68        0x0
 .glue_7        0x000000000001fd68        0x0 linker stubs

.glue_7t        0x000000000001fd68        0x0
 .glue_7t       0x000000000001fd68        0x0 linker stubs

.vfp11_veneer   0x000000000001fd68        0x0
 .vfp11_veneer  0x000000000001fd68        0x0 linker stubs

.v4_bx          0x000000000001fd68        0x0
 .v4_bx         0x000000000001fd68        0x0 linker stubs

.iplt           0x000000000001fd68        0x0
 .iplt          0x000000000001fd68        0x0 build/src/main.o

.rel.dyn        0x000000000001fd68        0x0
 .rel.iplt      0x000000000001fd68        0x0 build/src/main.o

.data           0x000000000001fd68      0x5ac
                0x000000000001fd68                __etext = .
                0x000000000001fd68                __data_start__ = .
 *(vtable)
 *(.data*)
 .data.cmark_result
                0x000000000001fd68        0x4 build/src/main.o
 .data.test_markdown
                0x000000000001fd6c        0x4 build/src/main.o
                0x000000000001fd6c                test_markdown
 .data.DEFAULT_MEM_ALLOCATOR
                0x000000000001fd70        0xc build/../cmark/src/cmark.o
                0x000000000001fd70                DEFAULT_MEM_ALLOCATOR
 .data._impure_ptr
                0x000000000001fd7c        0x4 /opt/homebrew/Cellar/arm-none-eabi-gcc/10.3-2021.10/gcc/bin/../lib/gcc/arm-none-eabi/10.3.1/../../../../arm-none-eabi/lib/thumb/v7e-m+fp/hard/libg.a(lib_a-impure.o)
                0x000000000001fd7c                _impure_ptr
 .data.impure_data
                0x000000000001fd80      0x428 /opt/homebrew/Cellar/arm-none-eabi-gcc/10.3-2021.10/gcc/bin/../lib/gcc/arm-none-eabi/10.3.1/../../../../arm-none-eabi/lib/thumb/v7e-m+fp/hard/libg.a(lib_a-impure.o)
 .data.__global_locale
                0x00000000000201a8      0x16c /opt/homebrew/Cellar/arm-none-eabi-gcc/10.3-2021.10/gcc/bin/../lib/gcc/arm-none-eabi/10.3.1/../../../../arm-none-eabi/lib/thumb/v7e-m+fp/hard/libg.a(lib_a-locale.o)
                0x00000000000201a8                __global_locale
                0x0000000000020314                . = ALIGN (0x4)
                [!provide]                        PROVIDE (__preinit_array_start = .)
 *(.preinit_array)
                [!provide]                        PROVIDE (__preinit_array_end = .)
                0x0000000000020314                . = ALIGN (0x4)
                [!provide]                        PROVIDE (__init_array_start = .)
 *(SORT_BY_NAME(.init_array.*))
 *(.init_array)
                [!provide]                        PROVIDE (__init_array_end = .)
                0x0000000000020314                . = ALIGN (0x4)
                [!provide]                        PROVIDE (__fini_array_start = .)
 *(SORT_BY_NAME(.fini_array.*))
 *(.fini_array)
                [!provide]                        PROVIDE (__fini_array_end = .)
                0x0000000000020314                . = ALIGN (0x4)
                0x0000000000020314                __data_end__ = .

.igot.plt       0x0000000000020314        0x0
 .igot.plt      0x0000000000020314        0x0 build/src/main.o

.bss            0x0000000000020314     0x2018
                0x0000000000020314                . = ALIGN (0x4)
                0x0000000000020314                __bss_start__ = .
 *(.bss*)
 .bss.pd        0x0000000000020314        0x4 build/src/main.o
 .bss.result_buffer
                0x0000000000020318     0x2000 build/src/main.o
 .bss.cmark_strbuf__initbuf
                0x0000000000022318        0x1 build/../cmark/src/buffer.o
                0x0000000000022318                cmark_strbuf__initbuf
 *fill*         0x0000000000022319        0x3 
 .bss.pdrealloc
                0x000000000002231c        0x4 build//Users/remywang/Developer/PlaydateSDK/C_API/buildsupport/setup.o
 .bss.__lock___sfp_recursive_mutex
                0x0000000000022320        0x1 /opt/homebrew/Cellar/arm-none-eabi-gcc/10.3-2021.10/gcc/bin/../lib/gcc/arm-none-eabi/10.3.1/../../../../arm-none-eabi/lib/thumb/v7e-m+fp/hard/libg.a(lib_a-lock.o)
                0x0000000000022320                __lock___sfp_recursive_mutex
 *fill*         0x0000000000022321        0x3 
 .bss.__lock___sinit_recursive_mutex
                0x0000000000022324        0x1 /opt/homebrew/Cellar/arm-none-eabi-gcc/10.3-2021.10/gcc/bin/../lib/gcc/arm-none-eabi/10.3.1/../../../../arm-none-eabi/lib/thumb/v7e-m+fp/hard/libg.a(lib_a-lock.o)
                0x0000000000022324                __lock___sinit_recursive_mutex
 *fill*         0x0000000000022325        0x3 
 .bss.errno     0x0000000000022328        0x4 /opt/homebrew/Cellar/arm-none-eabi-gcc/10.3-2021.10/gcc/bin/../lib/gcc/arm-none-eabi/10.3.1/../../../../arm-none-eabi/lib/thumb/v7e-m+fp/hard/libg.a(lib_a-reent.o)
                0x0000000000022328                errno
 *(COMMON)
 *(COM)
                0x000000000002232c                . = ALIGN (0x4)
                0x000000000002232c                __bss_end__ = .

/DISCARD/
 *(.ARM.exidx)
OUTPUT(build/pdex.elf elf32-littlearm)
LOAD linker stubs

.debug_info     0x0000000000000000    0x23950
 .debug_info    0x0000000000000000     0x6d79 build/src/main.o
 .debug_info    0x0000000000006d79      0x50c build/src/syscalls.o
 .debug_info    0x0000000000007285     0x4540 build/../cmark/src/blocks.o
 .debug_info    0x000000000000b7c5     0x152f build/../cmark/src/buffer.o
 .debug_info    0x000000000000ccf4     0x1116 build/../cmark/src/cmark.o
 .debug_info    0x000000000000de0a      0x17f build/../cmark/src/cmark_ctype.o
 .debug_info    0x000000000000df89      0x34b build/../cmark/src/houdini_href_e.o
 .debug_info    0x000000000000e2d4      0x33d build/../cmark/src/houdini_html_e.o
 .debug_info    0x000000000000e611      0x72f build/../cmark/src/houdini_html_u.o
 .debug_info    0x000000000000ed40     0x1a99 build/../cmark/src/html.o
 .debug_info    0x00000000000107d9     0x4e04 build/../cmark/src/inlines.o
 .debug_info    0x00000000000155dd      0xc82 build/../cmark/src/iterator.o
 .debug_info    0x000000000001625f     0x2491 build/../cmark/src/node.o
 .debug_info    0x00000000000186f0      0xac6 build/../cmark/src/references.o
 .debug_info    0x00000000000191b6     0x28f8 build/../cmark/src/scanners.o
 .debug_info    0x000000000001baae      0x943 build/../cmark/src/utf8.o
 .debug_info    0x000000000001c3f1     0x755f build//Users/remywang/Developer/PlaydateSDK/C_API/buildsupport/setup.o

.debug_abbrev   0x0000000000000000     0x34a0
 .debug_abbrev  0x0000000000000000      0x33c build/src/main.o
 .debug_abbrev  0x000000000000033c      0x13f build/src/syscalls.o
 .debug_abbrev  0x000000000000047b      0x685 build/../cmark/src/blocks.o
 .debug_abbrev  0x0000000000000b00      0x3c7 build/../cmark/src/buffer.o
 .debug_abbrev  0x0000000000000ec7      0x332 build/../cmark/src/cmark.o
 .debug_abbrev  0x00000000000011f9       0xb6 build/../cmark/src/cmark_ctype.o
 .debug_abbrev  0x00000000000012af      0x176 build/../cmark/src/houdini_href_e.o
 .debug_abbrev  0x0000000000001425      0x176 build/../cmark/src/houdini_html_e.o
 .debug_abbrev  0x000000000000159b      0x253 build/../cmark/src/houdini_html_u.o
 .debug_abbrev  0x00000000000017ee      0x325 build/../cmark/src/html.o
 .debug_abbrev  0x0000000000001b13      0x5c2 build/../cmark/src/inlines.o
 .debug_abbrev  0x00000000000020d5      0x317 build/../cmark/src/iterator.o
 .debug_abbrev  0x00000000000023ec      0x511 build/../cmark/src/node.o
 .debug_abbrev  0x00000000000028fd      0x330 build/../cmark/src/references.o
 .debug_abbrev  0x0000000000002c2d      0x208 build/../cmark/src/scanners.o
 .debug_abbrev  0x0000000000002e35      0x34f build/../cmark/src/utf8.o
 .debug_abbrev  0x0000000000003184      0x31c build//Users/remywang/Developer/PlaydateSDK/C_API/buildsupport/setup.o

.debug_loc      0x0000000000000000    0x27829
 .debug_loc     0x0000000000000000      0x242 build/src/main.o
 .debug_loc     0x0000000000000242      0x118 build/src/syscalls.o
 .debug_loc     0x000000000000035a     0x405c build/../cmark/src/blocks.o
 .debug_loc     0x00000000000043b6      0xd29 build/../cmark/src/buffer.o
 .debug_loc     0x00000000000050df      0x201 build/../cmark/src/cmark.o
 .debug_loc     0x00000000000052e0       0x94 build/../cmark/src/cmark_ctype.o
 .debug_loc     0x0000000000005374      0x16a build/../cmark/src/houdini_href_e.o
 .debug_loc     0x00000000000054de      0x1db build/../cmark/src/houdini_html_e.o
 .debug_loc     0x00000000000056b9      0x798 build/../cmark/src/houdini_html_u.o
 .debug_loc     0x0000000000005e51      0xa88 build/../cmark/src/html.o
 .debug_loc     0x00000000000068d9     0x583d build/../cmark/src/inlines.o
 .debug_loc     0x000000000000c116      0x8df build/../cmark/src/iterator.o
 .debug_loc     0x000000000000c9f5     0x19cc build/../cmark/src/node.o
 .debug_loc     0x000000000000e3c1      0x810 build/../cmark/src/references.o
 .debug_loc     0x000000000000ebd1    0x16772 build/../cmark/src/scanners.o
 .debug_loc     0x0000000000025343     0x22ca build/../cmark/src/utf8.o
 .debug_loc     0x000000000002760d      0x21c build//Users/remywang/Developer/PlaydateSDK/C_API/buildsupport/setup.o

.debug_aranges  0x0000000000000000      0x708
 .debug_aranges
                0x0000000000000000       0x28 build/src/main.o
 .debug_aranges
                0x0000000000000028       0x70 build/src/syscalls.o
 .debug_aranges
                0x0000000000000098       0x98 build/../cmark/src/blocks.o
 .debug_aranges
                0x0000000000000130       0x90 build/../cmark/src/buffer.o
 .debug_aranges
                0x00000000000001c0       0x48 build/../cmark/src/cmark.o
 .debug_aranges
                0x0000000000000208       0x38 build/../cmark/src/cmark_ctype.o
 .debug_aranges
                0x0000000000000240       0x20 build/../cmark/src/houdini_href_e.o
 .debug_aranges
                0x0000000000000260       0x20 build/../cmark/src/houdini_html_e.o
 .debug_aranges
                0x0000000000000280       0x30 build/../cmark/src/houdini_html_u.o
 .debug_aranges
                0x00000000000002b0       0x28 build/../cmark/src/html.o
 .debug_aranges
                0x00000000000002d8       0x80 build/../cmark/src/inlines.o
 .debug_aranges
                0x0000000000000358       0x58 build/../cmark/src/iterator.o
 .debug_aranges
                0x00000000000003b0      0x1b0 build/../cmark/src/node.o
 .debug_aranges
                0x0000000000000560       0x50 build/../cmark/src/references.o
 .debug_aranges
                0x00000000000005b0       0xd0 build/../cmark/src/scanners.o
 .debug_aranges
                0x0000000000000680       0x50 build/../cmark/src/utf8.o
 .debug_aranges
                0x00000000000006d0       0x38 build//Users/remywang/Developer/PlaydateSDK/C_API/buildsupport/setup.o

.debug_ranges   0x0000000000000000     0x2a38
 .debug_ranges  0x0000000000000000       0x50 build/src/main.o
 .debug_ranges  0x0000000000000050       0x60 build/src/syscalls.o
 .debug_ranges  0x00000000000000b0      0x8c0 build/../cmark/src/blocks.o
 .debug_ranges  0x0000000000000970      0x118 build/../cmark/src/buffer.o
 .debug_ranges  0x0000000000000a88       0x38 build/../cmark/src/cmark.o
 .debug_ranges  0x0000000000000ac0       0x28 build/../cmark/src/cmark_ctype.o
 .debug_ranges  0x0000000000000ae8       0x10 build/../cmark/src/houdini_href_e.o
 .debug_ranges  0x0000000000000af8       0x10 build/../cmark/src/houdini_html_e.o
 .debug_ranges  0x0000000000000b08       0x68 build/../cmark/src/houdini_html_u.o
 .debug_ranges  0x0000000000000b70      0x250 build/../cmark/src/html.o
 .debug_ranges  0x0000000000000dc0     0x11b0 build/../cmark/src/inlines.o
 .debug_ranges  0x0000000000001f70      0x158 build/../cmark/src/iterator.o
 .debug_ranges  0x00000000000020c8      0x3e0 build/../cmark/src/node.o
 .debug_ranges  0x00000000000024a8       0x88 build/../cmark/src/references.o
 .debug_ranges  0x0000000000002530      0x3b8 build/../cmark/src/scanners.o
 .debug_ranges  0x00000000000028e8      0x128 build/../cmark/src/utf8.o
 .debug_ranges  0x0000000000002a10       0x28 build//Users/remywang/Developer/PlaydateSDK/C_API/buildsupport/setup.o

.debug_macro    0x0000000000000000     0x573d
 .debug_macro   0x0000000000000000      0x2cd build/src/main.o
 .debug_macro   0x00000000000002cd      0xa78 build/src/main.o
 .debug_macro   0x0000000000000d45       0x22 build/src/main.o
 .debug_macro   0x0000000000000d67       0x5e build/src/main.o
 .debug_macro   0x0000000000000dc5       0x1e build/src/main.o
 .debug_macro   0x0000000000000de3       0x94 build/src/main.o
 .debug_macro   0x0000000000000e77       0x35 build/src/main.o
 .debug_macro   0x0000000000000eac       0x34 build/src/main.o
 .debug_macro   0x0000000000000ee0       0x16 build/src/main.o
 .debug_macro   0x0000000000000ef6       0x57 build/src/main.o
 .debug_macro   0x0000000000000f4d       0x97 build/src/main.o
 .debug_macro   0x0000000000000fe4      0x341 build/src/main.o
 .debug_macro   0x0000000000001325       0xfd build/src/main.o
 .debug_macro   0x0000000000001422       0x10 build/src/main.o
 .debug_macro   0x0000000000001432       0x16 build/src/main.o
 .debug_macro   0x0000000000001448       0x43 build/src/main.o
 .debug_macro   0x000000000000148b       0x34 build/src/main.o
 .debug_macro   0x00000000000014bf       0x10 build/src/main.o
 .debug_macro   0x00000000000014cf       0x58 build/src/main.o
 .debug_macro   0x0000000000001527      0x182 build/src/main.o
 .debug_macro   0x00000000000016a9       0x10 build/src/main.o
 .debug_macro   0x00000000000016b9       0x6a build/src/main.o
 .debug_macro   0x0000000000001723       0x1c build/src/main.o
 .debug_macro   0x000000000000173f       0x52 build/src/main.o
 .debug_macro   0x0000000000001791       0x22 build/src/main.o
 .debug_macro   0x00000000000017b3       0x10 build/src/main.o
 .debug_macro   0x00000000000017c3       0x52 build/src/main.o
 .debug_macro   0x0000000000001815       0xd5 build/src/main.o
 .debug_macro   0x00000000000018ea       0x1c build/src/main.o
 .debug_macro   0x0000000000001906       0x3d build/src/main.o
 .debug_macro   0x0000000000001943       0x16 build/src/main.o
 .debug_macro   0x0000000000001959      0x16f build/src/main.o
 .debug_macro   0x0000000000001ac8       0x16 build/src/main.o
 .debug_macro   0x0000000000001ade       0x35 build/src/main.o
 .debug_macro   0x0000000000001b13       0x16 build/src/main.o
 .debug_macro   0x0000000000001b29       0x29 build/src/main.o
 .debug_macro   0x0000000000001b52       0x16 build/src/main.o
 .debug_macro   0x0000000000001b68      0x103 build/src/main.o
 .debug_macro   0x0000000000001c6b      0x1df build/src/main.o
 .debug_macro   0x0000000000001e4a       0x22 build/src/main.o
 .debug_macro   0x0000000000001e6c       0x22 build/src/main.o
 .debug_macro   0x0000000000001e8e       0x4c build/src/main.o
 .debug_macro   0x0000000000001eda       0x22 build/src/main.o
 .debug_macro   0x0000000000001efc      0x19b build/src/main.o
 .debug_macro   0x0000000000002097       0x16 build/src/main.o
 .debug_macro   0x00000000000020ad       0x16 build/src/main.o
 .debug_macro   0x00000000000020c3      0x11f build/src/main.o
 .debug_macro   0x00000000000021e2      0x1ab build/src/syscalls.o
 .debug_macro   0x000000000000238d      0x174 build/src/syscalls.o
 .debug_macro   0x0000000000002501       0x10 build/src/syscalls.o
 .debug_macro   0x0000000000002511       0x10 build/src/syscalls.o
 .debug_macro   0x0000000000002521       0x10 build/src/syscalls.o
 .debug_macro   0x0000000000002531       0x35 build/src/syscalls.o
 .debug_macro   0x0000000000002566      0x12c build/src/syscalls.o
 .debug_macro   0x0000000000002692       0x10 build/src/syscalls.o
 .debug_macro   0x00000000000026a2      0x241 build/src/syscalls.o
 .debug_macro   0x00000000000028e3      0x31f build/../cmark/src/blocks.o
 .debug_macro   0x0000000000002c02       0x1c build/../cmark/src/blocks.o
 .debug_macro   0x0000000000002c1e       0x7c build/../cmark/src/blocks.o
 .debug_macro   0x0000000000002c9a       0x17 build/../cmark/src/blocks.o
 .debug_macro   0x0000000000002cb1      0x118 build/../cmark/src/blocks.o
 .debug_macro   0x0000000000002dc9       0x1c build/../cmark/src/blocks.o
 .debug_macro   0x0000000000002de5       0x16 build/../cmark/src/blocks.o
 .debug_macro   0x0000000000002dfb       0x10 build/../cmark/src/blocks.o
 .debug_macro   0x0000000000002e0b       0x88 build/../cmark/src/blocks.o
 .debug_macro   0x0000000000002e93       0x22 build/../cmark/src/blocks.o
 .debug_macro   0x0000000000002eb5      0x29b build/../cmark/src/buffer.o
 .debug_macro   0x0000000000003150       0x58 build/../cmark/src/buffer.o
 .debug_macro   0x00000000000031a8      0x2a9 build/../cmark/src/cmark.o
 .debug_macro   0x0000000000003451      0x10e build/../cmark/src/cmark.o
 .debug_macro   0x000000000000355f       0x8d build/../cmark/src/cmark.o
 .debug_macro   0x00000000000035ec       0x6d build/../cmark/src/cmark_ctype.o
 .debug_macro   0x0000000000003659       0x8e build/../cmark/src/cmark_ctype.o
 .debug_macro   0x00000000000036e7       0x51 build/../cmark/src/cmark_ctype.o
 .debug_macro   0x0000000000003738      0x27d build/../cmark/src/houdini_href_e.o
 .debug_macro   0x00000000000039b5       0x1c build/../cmark/src/houdini_href_e.o
 .debug_macro   0x00000000000039d1      0x27d build/../cmark/src/houdini_html_e.o
 .debug_macro   0x0000000000003c4e      0x28a build/../cmark/src/houdini_html_u.o
 .debug_macro   0x0000000000003ed8       0x28 build/../cmark/src/houdini_html_u.o
 .debug_macro   0x0000000000003f00      0x2db build/../cmark/src/html.o
 .debug_macro   0x00000000000041db      0x33d build/../cmark/src/inlines.o
 .debug_macro   0x0000000000004518      0x2aa build/../cmark/src/iterator.o
 .debug_macro   0x00000000000047c2      0x297 build/../cmark/src/node.o
 .debug_macro   0x0000000000004a59      0x2ee build/../cmark/src/references.o
 .debug_macro   0x0000000000004d47      0x2b9 build/../cmark/src/scanners.o
 .debug_macro   0x0000000000005000      0x2a5 build/../cmark/src/utf8.o
 .debug_macro   0x00000000000052a5       0x22 build/../cmark/src/utf8.o
 .debug_macro   0x00000000000052c7      0x29c build//Users/remywang/Developer/PlaydateSDK/C_API/buildsupport/setup.o
 .debug_macro   0x0000000000005563       0x64 build//Users/remywang/Developer/PlaydateSDK/C_API/buildsupport/setup.o
 .debug_macro   0x00000000000055c7       0x1c build//Users/remywang/Developer/PlaydateSDK/C_API/buildsupport/setup.o
 .debug_macro   0x00000000000055e3      0x15a build//Users/remywang/Developer/PlaydateSDK/C_API/buildsupport/setup.o

.debug_line     0x0000000000000000    0x164aa
 .debug_line    0x0000000000000000      0x658 build/src/main.o
 .debug_line    0x0000000000000658      0x453 build/src/syscalls.o
 .debug_line    0x0000000000000aab     0x21c7 build/../cmark/src/blocks.o
 .debug_line    0x0000000000002c72      0xb29 build/../cmark/src/buffer.o
 .debug_line    0x000000000000379b      0x56e build/../cmark/src/cmark.o
 .debug_line    0x0000000000003d09      0x280 build/../cmark/src/cmark_ctype.o
 .debug_line    0x0000000000003f89      0x531 build/../cmark/src/houdini_href_e.o
 .debug_line    0x00000000000044ba      0x4fe build/../cmark/src/houdini_html_e.o
 .debug_line    0x00000000000049b8      0x759 build/../cmark/src/houdini_html_u.o
 .debug_line    0x0000000000005111      0xb76 build/../cmark/src/html.o
 .debug_line    0x0000000000005c87     0x328e build/../cmark/src/inlines.o
 .debug_line    0x0000000000008f15      0xa0b build/../cmark/src/iterator.o
 .debug_line    0x0000000000009920     0x156c build/../cmark/src/node.o
 .debug_line    0x000000000000ae8c      0x859 build/../cmark/src/references.o
 .debug_line    0x000000000000b6e5     0x8a57 build/../cmark/src/scanners.o
 .debug_line    0x000000000001413c     0x1def build/../cmark/src/utf8.o
 .debug_line    0x0000000000015f2b      0x57f build//Users/remywang/Developer/PlaydateSDK/C_API/buildsupport/setup.o

.debug_str      0x0000000000000000     0xfe63
 .debug_str     0x0000000000000000     0xb58f build/src/main.o
                                       0xba35 (size before relaxing)
 .debug_str     0x000000000000b58f      0xafe build/src/syscalls.o
                                       0x726f (size before relaxing)
 .debug_str     0x000000000000c08d     0x1a52 build/../cmark/src/blocks.o
                                       0x9ef7 (size before relaxing)
 .debug_str     0x000000000000dadf       0xeb build/../cmark/src/buffer.o
                                       0x8be7 (size before relaxing)
 .debug_str     0x000000000000dbca       0x99 build/../cmark/src/cmark.o
                                       0x8d42 (size before relaxing)
 .debug_str     0x000000000000dc63       0x3b build/../cmark/src/cmark_ctype.o
                                       0x3ca4 (size before relaxing)
 .debug_str     0x000000000000dc9e       0x96 build/../cmark/src/houdini_href_e.o
                                       0x8695 (size before relaxing)
 .debug_str     0x000000000000dd34       0x58 build/../cmark/src/houdini_html_e.o
                                       0x86b1 (size before relaxing)
 .debug_str     0x000000000000dd8c      0x181 build/../cmark/src/houdini_html_u.o
                                       0x8828 (size before relaxing)
 .debug_str     0x000000000000df0d      0x13d build/../cmark/src/html.o
                                       0x934d (size before relaxing)
 .debug_str     0x000000000000e04a      0x924 build/../cmark/src/inlines.o
                                       0x9c48 (size before relaxing)
 .debug_str     0x000000000000e96e       0x90 build/../cmark/src/iterator.o
                                       0x8bc1 (size before relaxing)
 .debug_str     0x000000000000e9fe      0x3ff build/../cmark/src/node.o
                                       0x92cf (size before relaxing)
 .debug_str     0x000000000000edfd       0xae build/../cmark/src/references.o
                                       0x88c1 (size before relaxing)
 .debug_str     0x000000000000eeab      0xe15 build/../cmark/src/scanners.o
                                       0x99a5 (size before relaxing)
 .debug_str     0x000000000000fcc0      0x123 build/../cmark/src/utf8.o
                                       0x887b (size before relaxing)
 .debug_str     0x000000000000fde3       0x80 build//Users/remywang/Developer/PlaydateSDK/C_API/buildsupport/setup.o
                                       0xb7fe (size before relaxing)

.comment        0x0000000000000000       0x49
 .comment       0x0000000000000000       0x49 build/src/main.o
                                         0x4a (size before relaxing)
 .comment       0x0000000000000049       0x4a build/src/syscalls.o
 .comment       0x0000000000000049       0x4a build/../cmark/src/blocks.o
 .comment       0x0000000000000049       0x4a build/../cmark/src/buffer.o
 .comment       0x0000000000000049       0x4a build/../cmark/src/cmark.o
 .comment       0x0000000000000049       0x4a build/../cmark/src/cmark_ctype.o
 .comment       0x0000000000000049       0x4a build/../cmark/src/houdini_href_e.o
 .comment       0x0000000000000049       0x4a build/../cmark/src/houdini_html_e.o
 .comment       0x0000000000000049       0x4a build/../cmark/src/houdini_html_u.o
 .comment       0x0000000000000049       0x4a build/../cmark/src/html.o
 .comment       0x0000000000000049       0x4a build/../cmark/src/inlines.o
 .comment       0x0000000000000049       0x4a build/../cmark/src/iterator.o
 .comment       0x0000000000000049       0x4a build/../cmark/src/node.o
 .comment       0x0000000000000049       0x4a build/../cmark/src/references.o
 .comment       0x0000000000000049       0x4a build/../cmark/src/scanners.o
 .comment       0x0000000000000049       0x4a build/../cmark/src/utf8.o
 .comment       0x0000000000000049       0x4a build//Users/remywang/Developer/PlaydateSDK/C_API/buildsupport/setup.o

.ARM.attributes
                0x0000000000000000       0x32
 .ARM.attributes
                0x0000000000000000       0x34 build/src/main.o
 .ARM.attributes
                0x0000000000000034       0x34 build/src/syscalls.o
 .ARM.attributes
                0x0000000000000068       0x34 build/../cmark/src/blocks.o
 .ARM.attributes
                0x000000000000009c       0x34 build/../cmark/src/buffer.o
 .ARM.attributes
                0x00000000000000d0       0x34 build/../cmark/src/cmark.o
 .ARM.attributes
                0x0000000000000104       0x34 build/../cmark/src/cmark_ctype.o
 .ARM.attributes
                0x0000000000000138       0x34 build/../cmark/src/houdini_href_e.o
 .ARM.attributes
                0x000000000000016c       0x34 build/../cmark/src/houdini_html_e.o
 .ARM.attributes
                0x00000000000001a0       0x34 build/../cmark/src/houdini_html_u.o
 .ARM.attributes
                0x00000000000001d4       0x34 build/../cmark/src/html.o
 .ARM.attributes
                0x0000000000000208       0x34 build/../cmark/src/inlines.o
 .ARM.attributes
                0x000000000000023c       0x34 build/../cmark/src/iterator.o
 .ARM.attributes
                0x0000000000000270       0x34 build/../cmark/src/node.o
 .ARM.attributes
                0x00000000000002a4       0x34 build/../cmark/src/references.o
 .ARM.attributes
                0x00000000000002d8       0x34 build/../cmark/src/scanners.o
 .ARM.attributes
                0x000000000000030c       0x34 build/../cmark/src/utf8.o
 .ARM.attributes
                0x0000000000000340       0x34 build//Users/remywang/Developer/PlaydateSDK/C_API/buildsupport/setup.o
 .ARM.attributes
                0x0000000000000374       0x34 /opt/homebrew/Cellar/arm-none-eabi-gcc/10.3-2021.10/gcc/bin/../lib/gcc/arm-none-eabi/10.3.1/../../../../arm-none-eabi/lib/thumb/v7e-m+fp/hard/libg.a(lib_a-abort.o)
 .ARM.attributes
                0x00000000000003a8       0x34 /opt/homebrew/Cellar/arm-none-eabi-gcc/10.3-2021.10/gcc/bin/../lib/gcc/arm-none-eabi/10.3.1/../../../../arm-none-eabi/lib/thumb/v7e-m+fp/hard/libg.a(lib_a-assert.o)
 .ARM.attributes
                0x00000000000003dc       0x34 /opt/homebrew/Cellar/arm-none-eabi-gcc/10.3-2021.10/gcc/bin/../lib/gcc/arm-none-eabi/10.3.1/../../../../arm-none-eabi/lib/thumb/v7e-m+fp/hard/libg.a(lib_a-bsearch.o)
 .ARM.attributes
                0x0000000000000410       0x34 /opt/homebrew/Cellar/arm-none-eabi-gcc/10.3-2021.10/gcc/bin/../lib/gcc/arm-none-eabi/10.3.1/../../../../arm-none-eabi/lib/thumb/v7e-m+fp/hard/libg.a(lib_a-calloc.o)
 .ARM.attributes
                0x0000000000000444       0x34 /opt/homebrew/Cellar/arm-none-eabi-gcc/10.3-2021.10/gcc/bin/../lib/gcc/arm-none-eabi/10.3.1/../../../../arm-none-eabi/lib/thumb/v7e-m+fp/hard/libg.a(lib_a-callocr.o)
 .ARM.attributes
                0x0000000000000478       0x34 /opt/homebrew/Cellar/arm-none-eabi-gcc/10.3-2021.10/gcc/bin/../lib/gcc/arm-none-eabi/10.3.1/../../../../arm-none-eabi/lib/thumb/v7e-m+fp/hard/libg.a(lib_a-errno.o)
 .ARM.attributes
                0x00000000000004ac       0x34 /opt/homebrew/Cellar/arm-none-eabi-gcc/10.3-2021.10/gcc/bin/../lib/gcc/arm-none-eabi/10.3.1/../../../../arm-none-eabi/lib/thumb/v7e-m+fp/hard/libg.a(lib_a-fiprintf.o)
 .ARM.attributes
                0x00000000000004e0       0x34 /opt/homebrew/Cellar/arm-none-eabi-gcc/10.3-2021.10/gcc/bin/../lib/gcc/arm-none-eabi/10.3.1/../../../../arm-none-eabi/lib/thumb/v7e-m+fp/hard/libg.a(lib_a-fprintf.o)
 .ARM.attributes
                0x0000000000000514       0x34 /opt/homebrew/Cellar/arm-none-eabi-gcc/10.3-2021.10/gcc/bin/../lib/gcc/arm-none-eabi/10.3.1/../../../../arm-none-eabi/lib/thumb/v7e-m+fp/hard/libg.a(lib_a-fwrite.o)
 .ARM.attributes
                0x0000000000000548       0x34 /opt/homebrew/Cellar/arm-none-eabi-gcc/10.3-2021.10/gcc/bin/../lib/gcc/arm-none-eabi/10.3.1/../../../../arm-none-eabi/lib/thumb/v7e-m+fp/hard/libg.a(lib_a-impure.o)
 .ARM.attributes
                0x000000000000057c       0x34 /opt/homebrew/Cellar/arm-none-eabi-gcc/10.3-2021.10/gcc/bin/../lib/gcc/arm-none-eabi/10.3.1/../../../../arm-none-eabi/lib/thumb/v7e-m+fp/hard/libg.a(lib_a-lock.o)
 .ARM.attributes
                0x00000000000005b0       0x34 /opt/homebrew/Cellar/arm-none-eabi-gcc/10.3-2021.10/gcc/bin/../lib/gcc/arm-none-eabi/10.3.1/../../../../arm-none-eabi/lib/thumb/v7e-m+fp/hard/libg.a(lib_a-malloc.o)
 .ARM.attributes
                0x00000000000005e4       0x1c /opt/homebrew/Cellar/arm-none-eabi-gcc/10.3-2021.10/gcc/bin/../lib/gcc/arm-none-eabi/10.3.1/../../../../arm-none-eabi/lib/thumb/v7e-m+fp/hard/libg.a(lib_a-memchr.o)
 .ARM.attributes
                0x0000000000000600       0x1c /opt/homebrew/Cellar/arm-none-eabi-gcc/10.3-2021.10/gcc/bin/../lib/gcc/arm-none-eabi/10.3.1/../../../../arm-none-eabi/lib/thumb/v7e-m+fp/hard/libg.a(lib_a-memcpy.o)
 .ARM.attributes
                0x000000000000061c       0x34 /opt/homebrew/Cellar/arm-none-eabi-gcc/10.3-2021.10/gcc/bin/../lib/gcc/arm-none-eabi/10.3.1/../../../../arm-none-eabi/lib/thumb/v7e-m+fp/hard/libg.a(lib_a-memmove.o)
 .ARM.attributes
                0x0000000000000650       0x34 /opt/homebrew/Cellar/arm-none-eabi-gcc/10.3-2021.10/gcc/bin/../lib/gcc/arm-none-eabi/10.3.1/../../../../arm-none-eabi/lib/thumb/v7e-m+fp/hard/libg.a(lib_a-memset.o)
 .ARM.attributes